TS1002: Unterminated string literal.
TS1003: Identifier expected.
TS1005: '{0}' expected.
TS1006: A file cannot have a reference to itself.
TS1007: The parser expected to find a '{1}' to match the '{0}' token here.
TS1009: Trailing comma not allowed.
TS1010: '*/' expected.
TS1011: An element access expression should take an argument.
TS1012: Unexpected token.
TS1013: A rest parameter or binding pattern may not have a trailing comma.
TS1014: A rest parameter must be last in a parameter list.
TS1015: Parameter cannot have question mark and initializer.
TS1016: A required parameter cannot follow an optional parameter.
TS1017: An index signature cannot have a rest parameter.
TS1018: An index signature parameter cannot have an accessibility modifier.
TS1019: An index signature parameter cannot have a question mark.
TS1020: An index signature parameter cannot have an initializer.
TS1021: An index signature must have a type annotation.
TS1022: An index signature parameter must have a type annotation.
TS1024: 'readonly' modifier can only appear on a property declaration or index signature.
TS1025: An index signature cannot have a trailing comma.
TS1028: Accessibility modifier already seen.
TS1029: '{0}' modifier must precede '{1}' modifier.
TS1030: '{0}' modifier already seen.
TS1031: '{0}' modifier cannot appear on class elements of this kind.
TS1034: 'super' must be followed by an argument list or member access.
TS1035: Only ambient modules can use quoted names.
TS1036: Statements are not allowed in ambient contexts.
TS1038: A 'declare' modifier cannot be used in an already ambient context.
TS1039: Initializers are not allowed in ambient contexts.
TS1040: '{0}' modifier cannot be used in an ambient context.
TS1042: '{0}' modifier cannot be used here.
TS1044: '{0}' modifier cannot appear on a module or namespace element.
TS1046: Top-level declarations in .d.ts files must start with either a 'declare' or 'export' modifier.
TS1047: A rest parameter cannot be optional.
TS1048: A rest parameter cannot have an initializer.
TS1049: A 'set' accessor must have exactly one parameter.
TS1051: A 'set' accessor cannot have an optional parameter.
TS1052: A 'set' accessor parameter cannot have an initializer.
TS1053: A 'set' accessor cannot have rest parameter.
TS1054: A 'get' accessor cannot have parameters.
TS1055: Type '{0}' is not a valid async function return type in ES5/ES3 because it does not refer to a Promise-compatible constructor value.
TS1056: Accessors are only available when targeting ECMAScript 5 and higher.
TS1058: The return type of an async function must either be a valid promise or must not contain a callable 'then' member.
TS1059: A promise must have a 'then' method.
TS1060: The first parameter of the 'then' method of a promise must be a callback.
TS1061: Enum member must have initializer.
TS1062: Type is referenced directly or indirectly in the fulfillment callback of its own 'then' method.
TS1063: An export assignment cannot be used in a namespace.
TS1064: The return type of an async function or method must be the global Promise<T> type. Did you mean to write 'Promise<{0}>'?
TS1066: In ambient enum declarations member initializer must be constant expression.
TS1068: Unexpected token. A constructor, method, accessor, or property was expected.
TS1069: Unexpected token. A type parameter name was expected without curly braces.
TS1070: '{0}' modifier cannot appear on a type member.
TS1071: '{0}' modifier cannot appear on an index signature.
TS1079: A '{0}' modifier cannot be used with an import declaration.
TS1084: Invalid 'reference' directive syntax.
TS1085: Octal literals are not available when targeting ECMAScript 5 and higher. Use the syntax '{0}'.
TS1089: '{0}' modifier cannot appear on a constructor declaration.
TS1090: '{0}' modifier cannot appear on a parameter.
TS1091: Only a single variable declaration is allowed in a 'for...in' statement.
TS1092: Type parameters cannot appear on a constructor declaration.
TS1093: Type annotation cannot appear on a constructor declaration.
TS1094: An accessor cannot have type parameters.
TS1095: A 'set' accessor cannot have a return type annotation.
TS1096: An index signature must have exactly one parameter.
TS1097: '{0}' list cannot be empty.
TS1098: Type parameter list cannot be empty.
TS1099: Type argument list cannot be empty.
TS1100: Invalid use of '{0}' in strict mode.
TS1101: 'with' statements are not allowed in strict mode.
TS1102: 'delete' cannot be called on an identifier in strict mode.
TS1103: 'for await' loops are only allowed within async functions and at the top levels of modules.
TS1104: A 'continue' statement can only be used within an enclosing iteration statement.
TS1105: A 'break' statement can only be used within an enclosing iteration or switch statement.
TS1106: The left-hand side of a 'for...of' statement may not be 'async'.
TS1107: Jump target cannot cross function boundary.
TS1108: A 'return' statement can only be used within a function body.
TS1109: Expression expected.
TS1110: Type expected.
TS1113: A 'default' clause cannot appear more than once in a 'switch' statement.
TS1114: Duplicate label '{0}'.
TS1115: A 'continue' statement can only jump to a label of an enclosing iteration statement.
TS1116: A 'break' statement can only jump to a label of an enclosing statement.
TS1117: An object literal cannot have multiple properties with the same name.
TS1118: An object literal cannot have multiple get/set accessors with the same name.
TS1119: An object literal cannot have property and accessor with the same name.
TS1120: An export assignment cannot have modifiers.
TS1121: Octal literals are not allowed in strict mode.
TS1123: Variable declaration list cannot be empty.
TS1124: Digit expected.
TS1125: Hexadecimal digit expected.
TS1126: Unexpected end of text.
TS1127: Invalid character.
TS1128: Declaration or statement expected.
TS1129: Statement expected.
TS1130: 'case' or 'default' expected.
TS1131: Property or signature expected.
TS1132: Enum member expected.
TS1134: Variable declaration expected.
TS1135: Argument expression expected.
TS1136: Property assignment expected.
TS1137: Expression or comma expected.
TS1138: Parameter declaration expected.
TS1139: Type parameter declaration expected.
TS1140: Type argument expected.
TS1141: String literal expected.
TS1142: Line break not permitted here.
TS1144: '{' or ';' expected.
TS1146: Declaration expected.
TS1147: Import declarations in a namespace cannot reference a module.
TS1148: Cannot use imports, exports, or module augmentations when '--module' is 'none'.
TS1149: File name '{0}' differs from already included file name '{1}' only in casing.
TS1155: 'const' declarations must be initialized.
TS1156: 'const' declarations can only be declared inside a block.
TS1157: 'let' declarations can only be declared inside a block.
TS1160: Unterminated template literal.
TS1161: Unterminated regular expression literal.
TS1162: An object member cannot be declared optional.
TS1163: A 'yield' expression is only allowed in a generator body.
TS1164: Computed property names are not allowed in enums.
TS1165: A computed property name in an ambient context must refer to an expression whose type is a literal type or a 'unique symbol' type.
TS1166: A computed property name in a class property declaration must have a simple literal type or a 'unique symbol' type.
TS1168: A computed property name in a method overload must refer to an expression whose type is a literal type or a 'unique symbol' type.
TS1169: A computed property name in an interface must refer to an expression whose type is a literal type or a 'unique symbol' type.
TS1170: A computed property name in a type literal must refer to an expression whose type is a literal type or a 'unique symbol' type.
TS1171: A comma expression is not allowed in a computed property name.
TS1172: 'extends' clause already seen.
TS1173: 'extends' clause must precede 'implements' clause.
TS1174: Classes can only extend a single class.
TS1175: 'implements' clause already seen.
TS1176: Interface declaration cannot have 'implements' clause.
TS1177: Binary digit expected.
TS1178: Octal digit expected.
TS1179: Unexpected token. '{' expected.
TS1180: Property destructuring pattern expected.
TS1181: Array element destructuring pattern expected.
TS1182: A destructuring declaration must have an initializer.
TS1183: An implementation cannot be declared in ambient contexts.
TS1184: Modifiers cannot appear here.
TS1185: Merge conflict marker encountered.
TS1186: A rest element cannot have an initializer.
TS1187: A parameter property may not be declared using a binding pattern.
TS1188: Only a single variable declaration is allowed in a 'for...of' statement.
TS1189: The variable declaration of a 'for...in' statement cannot have an initializer.
TS1190: The variable declaration of a 'for...of' statement cannot have an initializer.
TS1191: An import declaration cannot have modifiers.
TS1192: Module '{0}' has no default export.
TS1193: An export declaration cannot have modifiers.
TS1194: Export declarations are not permitted in a namespace.
TS1195: 'export *' does not re-export a default.
TS1196: Catch clause variable type annotation must be 'any' or 'unknown' if specified.
TS1197: Catch clause variable cannot have an initializer.
TS1198: An extended Unicode escape value must be between 0x0 and 0x10FFFF inclusive.
TS1199: Unterminated Unicode escape sequence.
TS1200: Line terminator not permitted before arrow.
TS1202: Import assignment cannot be used when targeting ECMAScript modules. Consider using 'import * as ns from "mod"', 'import {a} from "mod"', 'import d from "mod"', or another module format instead.
TS1203: Export assignment cannot be used when targeting ECMAScript modules. Consider using 'export default' or another module format instead.
TS1205: Re-exporting a type when the '--isolatedModules' flag is provided requires using 'export type'.
TS1206: Decorators are not valid here.
TS1207: Decorators cannot be applied to multiple get/set accessors of the same name.
TS1208: '{0}' cannot be compiled under '--isolatedModules' because it is considered a global script file. Add an import, export, or an empty 'export {}' statement to make it a module.
TS1210: Code contained in a class is evaluated in JavaScript's strict mode which does not allow this use of '{0}'. For more information, see https://developer.mozilla.org/en-US/docs/Web/JavaScript/Reference/Strict_mode.
TS1211: A class declaration without the 'default' modifier must have a name.
TS1212: Identifier expected. '{0}' is a reserved word in strict mode.
TS1213: Identifier expected. '{0}' is a reserved word in strict mode. Class definitions are automatically in strict mode.
TS1214: Identifier expected. '{0}' is a reserved word in strict mode. Modules are automatically in strict mode.
TS1215: Invalid use of '{0}'. Modules are automatically in strict mode.
TS1216: Identifier expected. '__esModule' is reserved as an exported marker when transforming ECMAScript modules.
TS1218: Export assignment is not supported when '--module' flag is 'system'.
TS1219: Experimental support for decorators is a feature that is subject to change in a future release. Set the 'experimentalDecorators' option in your 'tsconfig' or 'jsconfig' to remove this warning.
TS1221: Generators are not allowed in an ambient context.
TS1222: An overload signature cannot be declared as a generator.
TS1223: '{0}' tag already specified.
TS1224: Signature '{0}' must be a type predicate.
TS1225: Cannot find parameter '{0}'.
TS1226: Type predicate '{0}' is not assignable to '{1}'.
TS1227: Parameter '{0}' is not in the same position as parameter '{1}'.
TS1228: A type predicate is only allowed in return type position for functions and methods.
TS1229: A type predicate cannot reference a rest parameter.
TS1230: A type predicate cannot reference element '{0}' in a binding pattern.
TS1231: An export assignment must be at the top level of a file or module declaration.
TS1232: An import declaration can only be used at the top level of a namespace or module.
TS1233: An export declaration can only be used at the top level of a namespace or module.
TS1234: An ambient module declaration is only allowed at the top level in a file.
TS1235: A namespace declaration is only allowed at the top level of a namespace or module.
TS1236: The return type of a property decorator function must be either 'void' or 'any'.
TS1237: The return type of a parameter decorator function must be either 'void' or 'any'.
TS1238: Unable to resolve signature of class decorator when called as an expression.
TS1239: Unable to resolve signature of parameter decorator when called as an expression.
TS1240: Unable to resolve signature of property decorator when called as an expression.
TS1241: Unable to resolve signature of method decorator when called as an expression.
TS1242: 'abstract' modifier can only appear on a class, method, or property declaration.
TS1243: '{0}' modifier cannot be used with '{1}' modifier.
TS1244: Abstract methods can only appear within an abstract class.
TS1245: Method '{0}' cannot have an implementation because it is marked abstract.
TS1246: An interface property cannot have an initializer.
TS1247: A type literal property cannot have an initializer.
TS1248: A class member cannot have the '{0}' keyword.
TS1249: A decorator can only decorate a method implementation, not an overload.
TS1250: Function declarations are not allowed inside blocks in strict mode when targeting 'ES3' or 'ES5'.
TS1251: Function declarations are not allowed inside blocks in strict mode when targeting 'ES3' or 'ES5'. Class definitions are automatically in strict mode.
TS1252: Function declarations are not allowed inside blocks in strict mode when targeting 'ES3' or 'ES5'. Modules are automatically in strict mode.
TS1254: A 'const' initializer in an ambient context must be a string or numeric literal or literal enum reference.
TS1255: A definite assignment assertion '!' is not permitted in this context.
TS1257: A required element cannot follow an optional element.
TS1258: A default export must be at the top level of a file or module declaration.
TS1259: Module '{0}' can only be default-imported using the '{1}' flag
TS1260: Keywords cannot contain escape characters.
TS1261: Already included file name '{0}' differs from file name '{1}' only in casing.
TS1262: Identifier expected. '{0}' is a reserved word at the top-level of a module.
TS1263: Declarations with initializers cannot also have definite assignment assertions.
TS1264: Declarations with definite assignment assertions must also have type annotations.
TS1265: A rest element cannot follow another rest element.
TS1266: An optional element cannot follow a rest element.
TS1267: Property '{0}' cannot have an initializer because it is marked abstract.
TS1268: An index signature parameter type must be 'string', 'number', 'symbol', or a template literal type.
TS1269: Cannot use 'export import' on a type or type-only namespace when the '--isolatedModules' flag is provided.
TS1270: Decorator function return type '{0}' is not assignable to type '{1}'.
TS1271: Decorator function return type is '{0}' but is expected to be 'void' or 'any'.
TS1272: A type referenced in a decorated signature must be imported with 'import type' or a namespace import when 'isolatedModules' and 'emitDecoratorMetadata' are enabled.
TS1273: '{0}' modifier cannot appear on a type parameter
TS1274: '{0}' modifier can only appear on a type parameter of a class, interface or type alias
TS1300: 'with' statements are not allowed in an async function block.
TS1308: 'await' expressions are only allowed within async functions and at the top levels of modules.
TS1309: The current file is a CommonJS module and cannot use 'await' at the top level.
TS1312: Did you mean to use a ':'? An '=' can only follow a property name when the containing object literal is part of a destructuring pattern.
TS1313: The body of an 'if' statement cannot be the empty statement.
TS1314: Global module exports may only appear in module files.
TS1315: Global module exports may only appear in declaration files.
TS1316: Global module exports may only appear at top level.
TS1317: A parameter property cannot be declared using a rest parameter.
TS1318: An abstract accessor cannot have an implementation.
TS1319: A default export can only be used in an ECMAScript-style module.
TS1320: Type of 'await' operand must either be a valid promise or must not contain a callable 'then' member.
TS1321: Type of 'yield' operand in an async generator must either be a valid promise or must not contain a callable 'then' member.
TS1322: Type of iterated elements of a 'yield*' operand must either be a valid promise or must not contain a callable 'then' member.
TS1323: Dynamic imports are only supported when the '--module' flag is set to 'es2020', 'es2022', 'esnext', 'commonjs', 'amd', 'system', 'umd', 'node16', or 'nodenext'.
TS1324: Dynamic imports only support a second argument when the '--module' option is set to 'esnext', 'node16', or 'nodenext'.
TS1325: Argument of dynamic import cannot be spread element.
TS1326: This use of 'import' is invalid. 'import()' calls can be written, but they must have parentheses and cannot have type arguments.
TS1327: String literal with double quotes expected.
TS1328: Property value can only be string literal, numeric literal, 'true', 'false', 'null', object literal or array literal.
TS1329: '{0}' accepts too few arguments to be used as a decorator here. Did you mean to call it first and write '@{0}()'?
TS1330: A property of an interface or type literal whose type is a 'unique symbol' type must be 'readonly'.
TS1331: A property of a class whose type is a 'unique symbol' type must be both 'static' and 'readonly'.
TS1332: A variable whose type is a 'unique symbol' type must be 'const'.
TS1333: 'unique symbol' types may not be used on a variable declaration with a binding name.
TS1334: 'unique symbol' types are only allowed on variables in a variable statement.
TS1335: 'unique symbol' types are not allowed here.
TS1337: An index signature parameter type cannot be a literal type or generic type. Consider using a mapped object type instead.
TS1338: 'infer' declarations are only permitted in the 'extends' clause of a conditional type.
TS1339: Module '{0}' does not refer to a value, but is used as a value here.
TS1340: Module '{0}' does not refer to a type, but is used as a type here. Did you mean 'typeof import('{0}')'?
TS1342: Type arguments cannot be used here.
TS1343: The 'import.meta' meta-property is only allowed when the '--module' option is 'es2020', 'es2022', 'esnext', 'system', 'node16', or 'nodenext'.
TS1344: 'A label is not allowed here.
TS1345: An expression of type 'void' cannot be tested for truthiness.
TS1346: This parameter is not allowed with 'use strict' directive.
TS1347: 'use strict' directive cannot be used with non-simple parameter list.
TS1348: Non-simple parameter declared here.
TS1349: 'use strict' directive used here.
TS1350: Print the final configuration instead of building.
TS1351: An identifier or keyword cannot immediately follow a numeric literal.
TS1352: A bigint literal cannot use exponential notation.
TS1353: A bigint literal must be an integer.
TS1354: 'readonly' type modifier is only permitted on array and tuple literal types.
TS1355: A 'const' assertions can only be applied to references to enum members, or string, number, boolean, array, or object literals.
TS1356: Did you mean to mark this function as 'async'?
TS1357: An enum member name must be followed by a ',', '=', or '}'.
TS1358: Tagged template expressions are not permitted in an optional chain.
TS1359: Identifier expected. '{0}' is a reserved word that cannot be used here.
TS1361: '{0}' cannot be used as a value because it was imported using 'import type'.
TS1362: '{0}' cannot be used as a value because it was exported using 'export type'.
TS1363: A type-only import can specify a default import or named bindings, but not both.
TS1364: Convert to type-only export
TS1365: Convert all re-exported types to type-only exports
TS1366: Split into two separate import declarations
TS1367: Split all invalid type-only imports
TS1369: Did you mean '{0}'?
TS1371: This import is never used as a value and must use 'import type' because 'importsNotUsedAsValues' is set to 'error'.
TS1373: Convert to type-only import
TS1374: Convert all imports not used as a value to type-only imports
TS1375: 'await' expressions are only allowed at the top level of a file when that file is a module, but this file has no imports or exports. Consider adding an empty 'export {}' to make this file a module.
TS1376: '{0}' was imported here.
TS1377: '{0}' was exported here.
TS1378: Top-level 'await' expressions are only allowed when the 'module' option is set to 'es2022', 'esnext', 'system', 'node16', or 'nodenext', and the 'target' option is set to 'es2017' or higher.
TS1379: An import alias cannot reference a declaration that was exported using 'export type'.
TS1380: An import alias cannot reference a declaration that was imported using 'import type'.
TS1381: Unexpected token. Did you mean `{'}'}` or `&rbrace;`?
TS1382: Unexpected token. Did you mean `{'>'}` or `&gt;`?
TS1383: Only named exports may use 'export type'.
TS1385: Function type notation must be parenthesized when used in a union type.
TS1386: Constructor type notation must be parenthesized when used in a union type.
TS1387: Function type notation must be parenthesized when used in an intersection type.
TS1388: Constructor type notation must be parenthesized when used in an intersection type.
TS1389: '{0}' is not allowed as a variable declaration name.
TS1390: '{0}' is not allowed as a parameter name.
TS1392: An import alias cannot use 'import type'
TS1393: Imported via {0} from file '{1}'
TS1394: Imported via {0} from file '{1}' with packageId '{2}'
TS1395: Imported via {0} from file '{1}' to import 'importHelpers' as specified in compilerOptions
TS1396: Imported via {0} from file '{1}' with packageId '{2}' to import 'importHelpers' as specified in compilerOptions
TS1397: Imported via {0} from file '{1}' to import 'jsx' and 'jsxs' factory functions
TS1398: Imported via {0} from file '{1}' with packageId '{2}' to import 'jsx' and 'jsxs' factory functions
TS1399: File is included via import here.
TS1400: Referenced via '{0}' from file '{1}'
TS1401: File is included via reference here.
TS1402: Type library referenced via '{0}' from file '{1}'
TS1403: Type library referenced via '{0}' from file '{1}' with packageId '{2}'
TS1404: File is included via type library reference here.
TS1405: Library referenced via '{0}' from file '{1}'
TS1406: File is included via library reference here.
TS1407: Matched by include pattern '{0}' in '{1}'
TS1408: File is matched by include pattern specified here.
TS1409: Part of 'files' list in tsconfig.json
TS1410: File is matched by 'files' list specified here.
TS1411: Output from referenced project '{0}' included because '{1}' specified
TS1412: Output from referenced project '{0}' included because '--module' is specified as 'none'
TS1413: File is output from referenced project specified here.
TS1414: Source from referenced project '{0}' included because '{1}' specified
TS1415: Source from referenced project '{0}' included because '--module' is specified as 'none'
TS1416: File is source from referenced project specified here.
TS1417: Entry point of type library '{0}' specified in compilerOptions
TS1418: Entry point of type library '{0}' specified in compilerOptions with packageId '{1}'
TS1419: File is entry point of type library specified here.
TS1420: Entry point for implicit type library '{0}'
TS1421: Entry point for implicit type library '{0}' with packageId '{1}'
TS1422: Library '{0}' specified in compilerOptions
TS1423: File is library specified here.
TS1424: Default library
TS1425: Default library for target '{0}'
TS1426: File is default library for target specified here.
TS1427: Root file specified for compilation
TS1428: File is output of project reference source '{0}'
TS1429: File redirects to file '{0}'
TS1430: The file is in the program because:
TS1431: 'for await' loops are only allowed at the top level of a file when that file is a module, but this file has no imports or exports. Consider adding an empty 'export {}' to make this file a module.
TS1432: Top-level 'for await' loops are only allowed when the 'module' option is set to 'es2022', 'esnext', 'system', 'node16', or 'nodenext', and the 'target' option is set to 'es2017' or higher.
TS1433: Decorators may not be applied to 'this' parameters.
TS1434: Unexpected keyword or identifier.
TS1435: Unknown keyword or identifier. Did you mean '{0}'?
TS1436: Decorators must precede the name and all keywords of property declarations.
TS1437: Namespace must be given a name.
TS1438: Interface must be given a name.
TS1439: Type alias must be given a name.
TS1440: Variable declaration not allowed at this location.
TS1441: Cannot start a function call in a type annotation.
TS1442: Expected '=' for property initializer.
TS1443: Module declaration names may only use ' or " quoted strings.
TS1444: '{0}' is a type and must be imported using a type-only import when 'preserveValueImports' and 'isolatedModules' are both enabled.
TS1446: '{0}' resolves to a type-only declaration and must be imported using a type-only import when 'preserveValueImports' and 'isolatedModules' are both enabled.
TS1448: '{0}' resolves to a type-only declaration and must be re-exported using a type-only re-export when 'isolatedModules' is enabled.
TS1449: Preserve unused imported values in the JavaScript output that would otherwise be removed.
TS1450: Dynamic imports can only accept a module specifier and an optional assertion as arguments
TS1451: Private identifiers are only allowed in class bodies and may only be used as part of a class member declaration, property access, or on the left-hand-side of an 'in' expression
TS1452: 'resolution-mode' assertions are only supported when `moduleResolution` is `node16` or `nodenext`.
TS1453: `resolution-mode` should be either `require` or `import`.
TS1454: `resolution-mode` can only be set for type-only imports.
TS1455: `resolution-mode` is the only valid key for type import assertions.
TS1456: Type import assertions should have exactly one key - `resolution-mode` - with value `import` or `require`.
TS1470: The 'import.meta' meta-property is not allowed in files which will build into CommonJS output.
TS1471: Module '{0}' cannot be imported using this construct. The specifier only resolves to an ES module, which cannot be imported synchronously. Use dynamic import instead.
TS1472: 'catch' or 'finally' expected.
TS1473: An import declaration can only be used at the top level of a module.
TS1474: An export declaration can only be used at the top level of a module.
TS1475: Control what method is used to detect module-format JS files.
TS1476: "auto": Treat files with imports, exports, import.meta, jsx (with jsx: react-jsx), or esm format (with module: node16+) as modules.
TS2200: The types of '{0}' are incompatible between these types.
TS2201: The types returned by '{0}' are incompatible between these types.
TS2202: Call signature return types '{0}' and '{1}' are incompatible.
TS2203: Construct signature return types '{0}' and '{1}' are incompatible.
TS2204: Call signatures with no arguments have incompatible return types '{0}' and '{1}'.
TS2205: Construct signatures with no arguments have incompatible return types '{0}' and '{1}'.
TS2206: The 'type' modifier cannot be used on a named import when 'import type' is used on its import statement.
TS2207: The 'type' modifier cannot be used on a named export when 'export type' is used on its export statement.
TS2209: The project root is ambiguous, but is required to resolve export map entry '{0}' in file '{1}'. Supply the `rootDir` compiler option to disambiguate.
TS2210: The project root is ambiguous, but is required to resolve import map entry '{0}' in file '{1}'. Supply the `rootDir` compiler option to disambiguate.
TS2300: Duplicate identifier '{0}'.
TS2301: Initializer of instance member variable '{0}' cannot reference identifier '{1}' declared in the constructor.
TS2302: Static members cannot reference class type parameters.
TS2303: Circular definition of import alias '{0}'.
TS2304: Cannot find name '{0}'.
TS2305: Module '{0}' has no exported member '{1}'.
TS2306: File '{0}' is not a module.
TS2307: Cannot find module '{0}' or its corresponding type declarations.
TS2308: Module {0} has already exported a member named '{1}'. Consider explicitly re-exporting to resolve the ambiguity.
TS2309: An export assignment cannot be used in a module with other exported elements.
TS2310: Type '{0}' recursively references itself as a base type.
TS2311: Cannot find name '{0}'. Did you mean to write this in an async function?
TS2312: An interface can only extend an object type or intersection of object types with statically known members.
TS2313: Type parameter '{0}' has a circular constraint.
TS2314: Generic type '{0}' requires {1} type argument(s).
TS2315: Type '{0}' is not generic.
TS2316: Global type '{0}' must be a class or interface type.
TS2317: Global type '{0}' must have {1} type parameter(s).
TS2318: Cannot find global type '{0}'.
TS2319: Named property '{0}' of types '{1}' and '{2}' are not identical.
TS2320: Interface '{0}' cannot simultaneously extend types '{1}' and '{2}'.
TS2321: Excessive stack depth comparing types '{0}' and '{1}'.
TS2322: Type '{0}' is not assignable to type '{1}'.
TS2323: Cannot redeclare exported variable '{0}'.
TS2324: Property '{0}' is missing in type '{1}'.
TS2325: Property '{0}' is private in type '{1}' but not in type '{2}'.
TS2326: Types of property '{0}' are incompatible.
TS2327: Property '{0}' is optional in type '{1}' but required in type '{2}'.
TS2328: Types of parameters '{0}' and '{1}' are incompatible.
TS2329: Index signature for type '{0}' is missing in type '{1}'.
TS2330: '{0}' and '{1}' index signatures are incompatible.
TS2331: 'this' cannot be referenced in a module or namespace body.
TS2332: 'this' cannot be referenced in current location.
TS2333: 'this' cannot be referenced in constructor arguments.
TS2334: 'this' cannot be referenced in a static property initializer.
TS2335: 'super' can only be referenced in a derived class.
TS2336: 'super' cannot be referenced in constructor arguments.
TS2337: Super calls are not permitted outside constructors or in nested functions inside constructors.
TS2338: 'super' property access is permitted only in a constructor, member function, or member accessor of a derived class.
TS2339: Property '{0}' does not exist on type '{1}'.
TS2340: Only public and protected methods of the base class are accessible via the 'super' keyword.
TS2341: Property '{0}' is private and only accessible within class '{1}'.
TS2343: This syntax requires an imported helper named '{1}' which does not exist in '{0}'. Consider upgrading your version of '{0}'.
TS2344: Type '{0}' does not satisfy the constraint '{1}'.
TS2345: Argument of type '{0}' is not assignable to parameter of type '{1}'.
TS2346: Call target does not contain any signatures.
TS2347: Untyped function calls may not accept type arguments.
TS2348: Value of type '{0}' is not callable. Did you mean to include 'new'?
TS2349: This expression is not callable.
TS2350: Only a void function can be called with the 'new' keyword.
TS2351: This expression is not constructable.
TS2352: Conversion of type '{0}' to type '{1}' may be a mistake because neither type sufficiently overlaps with the other. If this was intentional, convert the expression to 'unknown' first.
TS2353: Object literal may only specify known properties, and '{0}' does not exist in type '{1}'.
TS2354: This syntax requires an imported helper but module '{0}' cannot be found.
TS2355: A function whose declared type is neither 'void' nor 'any' must return a value.
TS2356: An arithmetic operand must be of type 'any', 'number', 'bigint' or an enum type.
TS2357: The operand of an increment or decrement operator must be a variable or a property access.
TS2358: The left-hand side of an 'instanceof' expression must be of type 'any', an object type or a type parameter.
TS2359: The right-hand side of an 'instanceof' expression must be of type 'any' or of a type assignable to the 'Function' interface type.
TS2360: The left-hand side of an 'in' expression must be a private identifier or of type 'any', 'string', 'number', or 'symbol'.
TS2361: The right-hand side of an 'in' expression must not be a primitive.
TS2362: The left-hand side of an arithmetic operation must be of type 'any', 'number', 'bigint' or an enum type.
TS2363: The right-hand side of an arithmetic operation must be of type 'any', 'number', 'bigint' or an enum type.
TS2364: The left-hand side of an assignment expression must be a variable or a property access.
TS2365: Operator '{0}' cannot be applied to types '{1}' and '{2}'.
TS2366: Function lacks ending return statement and return type does not include 'undefined'.
TS2367: This condition will always return '{0}' since the types '{1}' and '{2}' have no overlap.
TS2368: Type parameter name cannot be '{0}'.
TS2369: A parameter property is only allowed in a constructor implementation.
TS2370: A rest parameter must be of an array type.
TS2371: A parameter initializer is only allowed in a function or constructor implementation.
TS2372: Parameter '{0}' cannot reference itself.
TS2373: Parameter '{0}' cannot reference identifier '{1}' declared after it.
TS2374: Duplicate index signature for type '{0}'.
TS2375: Type '{0}' is not assignable to type '{1}' with 'exactOptionalPropertyTypes: true'. Consider adding 'undefined' to the types of the target's properties.
TS2376: A 'super' call must be the first statement in the constructor to refer to 'super' or 'this' when a derived class contains initialized properties, parameter properties, or private identifiers.
TS2377: Constructors for derived classes must contain a 'super' call.
TS2378: A 'get' accessor must return a value.
TS2379: Argument of type '{0}' is not assignable to parameter of type '{1}' with 'exactOptionalPropertyTypes: true'. Consider adding 'undefined' to the types of the target's properties.
TS2380: The return type of a 'get' accessor must be assignable to its 'set' accessor type
TS2383: Overload signatures must all be exported or non-exported.
TS2384: Overload signatures must all be ambient or non-ambient.
TS2385: Overload signatures must all be public, private or protected.
TS2386: Overload signatures must all be optional or required.
TS2387: Function overload must be static.
TS2388: Function overload must not be static.
TS2389: Function implementation name must be '{0}'.
TS2390: Constructor implementation is missing.
TS2391: Function implementation is missing or not immediately following the declaration.
TS2392: Multiple constructor implementations are not allowed.
TS2393: Duplicate function implementation.
TS2394: This overload signature is not compatible with its implementation signature.
TS2395: Individual declarations in merged declaration '{0}' must be all exported or all local.
TS2396: Duplicate identifier 'arguments'. Compiler uses 'arguments' to initialize rest parameters.
TS2397: Declaration name conflicts with built-in global identifier '{0}'.
TS2398: 'constructor' cannot be used as a parameter property name.
TS2399: Duplicate identifier '_this'. Compiler uses variable declaration '_this' to capture 'this' reference.
TS2400: Expression resolves to variable declaration '_this' that compiler uses to capture 'this' reference.
TS2401: A 'super' call must be a root-level statement within a constructor of a derived class that contains initialized properties, parameter properties, or private identifiers.
TS2402: Expression resolves to '_super' that compiler uses to capture base class reference.
TS2403: Subsequent variable declarations must have the same type.  Variable '{0}' must be of type '{1}', but here has type '{2}'.
TS2404: The left-hand side of a 'for...in' statement cannot use a type annotation.
TS2405: The left-hand side of a 'for...in' statement must be of type 'string' or 'any'.
TS2406: The left-hand side of a 'for...in' statement must be a variable or a property access.
TS2407: The right-hand side of a 'for...in' statement must be of type 'any', an object type or a type parameter, but here has type '{0}'.
TS2408: Setters cannot return a value.
TS2409: Return type of constructor signature must be assignable to the instance type of the class.
TS2410: The 'with' statement is not supported. All symbols in a 'with' block will have type 'any'.
TS2412: Type '{0}' is not assignable to type '{1}' with 'exactOptionalPropertyTypes: true'. Consider adding 'undefined' to the type of the target.
TS2411: Property '{0}' of type '{1}' is not assignable to '{2}' index type '{3}'.
TS2413: '{0}' index type '{1}' is not assignable to '{2}' index type '{3}'.
TS2414: Class name cannot be '{0}'.
TS2415: Class '{0}' incorrectly extends base class '{1}'.
TS2416: Property '{0}' in type '{1}' is not assignable to the same property in base type '{2}'.
TS2417: Class static side '{0}' incorrectly extends base class static side '{1}'.
TS2418: Type of computed property's value is '{0}', which is not assignable to type '{1}'.
TS2419: Types of construct signatures are incompatible.
TS2420: Class '{0}' incorrectly implements interface '{1}'.
TS2422: A class can only implement an object type or intersection of object types with statically known members.
TS2423: Class '{0}' defines instance member function '{1}', but extended class '{2}' defines it as instance member accessor.
TS2425: Class '{0}' defines instance member property '{1}', but extended class '{2}' defines it as instance member function.
TS2426: Class '{0}' defines instance member accessor '{1}', but extended class '{2}' defines it as instance member function.
TS2427: Interface name cannot be '{0}'.
TS2428: All declarations of '{0}' must have identical type parameters.
TS2430: Interface '{0}' incorrectly extends interface '{1}'.
TS2431: Enum name cannot be '{0}'.
TS2432: In an enum with multiple declarations, only one declaration can omit an initializer for its first enum element.
TS2433: A namespace declaration cannot be in a different file from a class or function with which it is merged.
TS2434: A namespace declaration cannot be located prior to a class or function with which it is merged.
TS2435: Ambient modules cannot be nested in other modules or namespaces.
TS2436: Ambient module declaration cannot specify relative module name.
TS2437: Module '{0}' is hidden by a local declaration with the same name.
TS2438: Import name cannot be '{0}'.
TS2439: Import or export declaration in an ambient module declaration cannot reference module through relative module name.
TS2440: Import declaration conflicts with local declaration of '{0}'.
TS2441: Duplicate identifier '{0}'. Compiler reserves name '{1}' in top level scope of a module.
TS2442: Types have separate declarations of a private property '{0}'.
TS2443: Property '{0}' is protected but type '{1}' is not a class derived from '{2}'.
TS2444: Property '{0}' is protected in type '{1}' but public in type '{2}'.
TS2445: Property '{0}' is protected and only accessible within class '{1}' and its subclasses.
TS2446: Property '{0}' is protected and only accessible through an instance of class '{1}'. This is an instance of class '{2}'.
TS2447: The '{0}' operator is not allowed for boolean types. Consider using '{1}' instead.
TS2448: Block-scoped variable '{0}' used before its declaration.
TS2449: Class '{0}' used before its declaration.
TS2450: Enum '{0}' used before its declaration.
TS2451: Cannot redeclare block-scoped variable '{0}'.
TS2452: An enum member cannot have a numeric name.
TS2454: Variable '{0}' is used before being assigned.
TS2456: Type alias '{0}' circularly references itself.
TS2457: Type alias name cannot be '{0}'.
TS2458: An AMD module cannot have multiple name assignments.
TS2459: Module '{0}' declares '{1}' locally, but it is not exported.
TS2460: Module '{0}' declares '{1}' locally, but it is exported as '{2}'.
TS2461: Type '{0}' is not an array type.
TS2462: A rest element must be last in a destructuring pattern.
TS2463: A binding pattern parameter cannot be optional in an implementation signature.
TS2464: A computed property name must be of type 'string', 'number', 'symbol', or 'any'.
TS2465: 'this' cannot be referenced in a computed property name.
TS2466: 'super' cannot be referenced in a computed property name.
TS2467: A computed property name cannot reference a type parameter from its containing type.
TS2468: Cannot find global value '{0}'.
TS2469: The '{0}' operator cannot be applied to type 'symbol'.
TS2472: Spread operator in 'new' expressions is only available when targeting ECMAScript 5 and higher.
TS2473: Enum declarations must all be const or non-const.
TS2474: const enum member initializers can only contain literal values and other computed enum values.
TS2475: 'const' enums can only be used in property or index access expressions or the right hand side of an import declaration or export assignment or type query.
TS2476: A const enum member can only be accessed using a string literal.
TS2477: 'const' enum member initializer was evaluated to a non-finite value.
TS2478: 'const' enum member initializer was evaluated to disallowed value 'NaN'.
TS2480: 'let' is not allowed to be used as a name in 'let' or 'const' declarations.
TS2481: Cannot initialize outer scoped variable '{0}' in the same scope as block scoped declaration '{1}'.
TS2483: The left-hand side of a 'for...of' statement cannot use a type annotation.
TS2484: Export declaration conflicts with exported declaration of '{0}'.
TS2487: The left-hand side of a 'for...of' statement must be a variable or a property access.
TS2488: Type '{0}' must have a '[Symbol.iterator]()' method that returns an iterator.
TS2489: An iterator must have a 'next()' method.
TS2490: The type returned by the '{0}()' method of an iterator must have a 'value' property.
TS2491: The left-hand side of a 'for...in' statement cannot be a destructuring pattern.
TS2492: Cannot redeclare identifier '{0}' in catch clause.
TS2493: Tuple type '{0}' of length '{1}' has no element at index '{2}'.
TS2494: Using a string in a 'for...of' statement is only supported in ECMAScript 5 and higher.
TS2495: Type '{0}' is not an array type or a string type.
TS2496: The 'arguments' object cannot be referenced in an arrow function in ES3 and ES5. Consider using a standard function expression.
TS2497: This module can only be referenced with ECMAScript imports/exports by turning on the '{0}' flag and referencing its default export.
TS2498: Module '{0}' uses 'export =' and cannot be used with 'export *'.
TS2499: An interface can only extend an identifier/qualified-name with optional type arguments.
TS2500: A class can only implement an identifier/qualified-name with optional type arguments.
TS2501: A rest element cannot contain a binding pattern.
TS2502: '{0}' is referenced directly or indirectly in its own type annotation.
TS2503: Cannot find namespace '{0}'.
TS2504: Type '{0}' must have a '[Symbol.asyncIterator]()' method that returns an async iterator.
TS2505: A generator cannot have a 'void' type annotation.
TS2506: '{0}' is referenced directly or indirectly in its own base expression.
TS2507: Type '{0}' is not a constructor function type.
TS2508: No base constructor has the specified number of type arguments.
TS2509: Base constructor return type '{0}' is not an object type or intersection of object types with statically known members.
TS2510: Base constructors must all have the same return type.
TS2511: Cannot create an instance of an abstract class.
TS2512: Overload signatures must all be abstract or non-abstract.
TS2513: Abstract method '{0}' in class '{1}' cannot be accessed via super expression.
TS2515: Non-abstract class '{0}' does not implement inherited abstract member '{1}' from class '{2}'.
TS2516: All declarations of an abstract method must be consecutive.
TS2517: Cannot assign an abstract constructor type to a non-abstract constructor type.
TS2518: A 'this'-based type guard is not compatible with a parameter-based type guard.
TS2519: An async iterator must have a 'next()' method.
TS2520: Duplicate identifier '{0}'. Compiler uses declaration '{1}' to support async functions.
TS2522: The 'arguments' object cannot be referenced in an async function or method in ES3 and ES5. Consider using a standard function or method.
TS2523: 'yield' expressions cannot be used in a parameter initializer.
TS2524: 'await' expressions cannot be used in a parameter initializer.
TS2525: Initializer provides no value for this binding element and the binding element has no default value.
TS2526: A 'this' type is available only in a non-static member of a class or interface.
TS2527: The inferred type of '{0}' references an inaccessible '{1}' type. A type annotation is necessary.
TS2528: A module cannot have multiple default exports.
TS2529: Duplicate identifier '{0}'. Compiler reserves name '{1}' in top level scope of a module containing async functions.
TS2530: Property '{0}' is incompatible with index signature.
TS2531: Object is possibly 'null'.
TS2532: Object is possibly 'undefined'.
TS2533: Object is possibly 'null' or 'undefined'.
TS2534: A function returning 'never' cannot have a reachable end point.
TS2535: Enum type '{0}' has members with initializers that are not literals.
TS2536: Type '{0}' cannot be used to index type '{1}'.
TS2537: Type '{0}' has no matching index signature for type '{1}'.
TS2538: Type '{0}' cannot be used as an index type.
TS2539: Cannot assign to '{0}' because it is not a variable.
TS2540: Cannot assign to '{0}' because it is a read-only property.
TS2542: Index signature in type '{0}' only permits reading.
TS2543: Duplicate identifier '_newTarget'. Compiler uses variable declaration '_newTarget' to capture 'new.target' meta-property reference.
TS2544: Expression resolves to variable declaration '_newTarget' that compiler uses to capture 'new.target' meta-property reference.
TS2545: A mixin class must have a constructor with a single rest parameter of type 'any[]'.
TS2547: The type returned by the '{0}()' method of an async iterator must be a promise for a type with a 'value' property.
TS2548: Type '{0}' is not an array type or does not have a '[Symbol.iterator]()' method that returns an iterator.
TS2549: Type '{0}' is not an array type or a string type or does not have a '[Symbol.iterator]()' method that returns an iterator.
TS2550: Property '{0}' does not exist on type '{1}'. Do you need to change your target library? Try changing the 'lib' compiler option to '{2}' or later.
TS2551: Property '{0}' does not exist on type '{1}'. Did you mean '{2}'?
TS2552: Cannot find name '{0}'. Did you mean '{1}'?
TS2553: Computed values are not permitted in an enum with string valued members.
TS2554: Expected {0} arguments, but got {1}.
TS2555: Expected at least {0} arguments, but got {1}.
TS2556: A spread argument must either have a tuple type or be passed to a rest parameter.
TS2558: Expected {0} type arguments, but got {1}.
TS2559: Type '{0}' has no properties in common with type '{1}'.
TS2560: Value of type '{0}' has no properties in common with type '{1}'. Did you mean to call it?
TS2561: Object literal may only specify known properties, but '{0}' does not exist in type '{1}'. Did you mean to write '{2}'?
TS2562: Base class expressions cannot reference class type parameters.
TS2563: The containing function or module body is too large for control flow analysis.
TS2564: Property '{0}' has no initializer and is not definitely assigned in the constructor.
TS2565: Property '{0}' is used before being assigned.
TS2566: A rest element cannot have a property name.
TS2567: Enum declarations can only merge with namespace or other enum declarations.
TS2568: Property '{0}' may not exist on type '{1}'. Did you mean '{2}'?
TS2570: Could not find name '{0}'. Did you mean '{1}'?
TS2571: Object is of type 'unknown'.
TS2574: A rest element type must be an array type.
TS2575: No overload expects {0} arguments, but overloads do exist that expect either {1} or {2} arguments.
TS2576: Property '{0}' does not exist on type '{1}'. Did you mean to access the static member '{2}' instead?
TS2577: Return type annotation circularly references itself.
TS2578: Unused '@ts-expect-error' directive.
TS2580: Cannot find name '{0}'. Do you need to install type definitions for node? Try `npm i --save-dev @types/node`.
TS2581: Cannot find name '{0}'. Do you need to install type definitions for jQuery? Try `npm i --save-dev @types/jquery`.
TS2582: Cannot find name '{0}'. Do you need to install type definitions for a test runner? Try `npm i --save-dev @types/jest` or `npm i --save-dev @types/mocha`.
TS2583: Cannot find name '{0}'. Do you need to change your target library? Try changing the 'lib' compiler option to '{1}' or later.
TS2584: Cannot find name '{0}'. Do you need to change your target library? Try changing the 'lib' compiler option to include 'dom'.
TS2585: '{0}' only refers to a type, but is being used as a value here. Do you need to change your target library? Try changing the 'lib' compiler option to es2015 or later.
TS2588: Cannot assign to '{0}' because it is a constant.
TS2589: Type instantiation is excessively deep and possibly infinite.
TS2590: Expression produces a union type that is too complex to represent.
TS2591: Cannot find name '{0}'. Do you need to install type definitions for node? Try `npm i --save-dev @types/node` and then add 'node' to the types field in your tsconfig.
TS2592: Cannot find name '{0}'. Do you need to install type definitions for jQuery? Try `npm i --save-dev @types/jquery` and then add 'jquery' to the types field in your tsconfig.
TS2593: Cannot find name '{0}'. Do you need to install type definitions for a test runner? Try `npm i --save-dev @types/jest` or `npm i --save-dev @types/mocha` and then add 'jest' or 'mocha' to the types field in your tsconfig.
TS2594: This module is declared with using 'export =', and can only be used with a default import when using the '{0}' flag.
TS2595: '{0}' can only be imported by using a default import.
TS2596: '{0}' can only be imported by turning on the 'esModuleInterop' flag and using a default import.
TS2597: '{0}' can only be imported by using a 'require' call or by using a default import.
TS2598: '{0}' can only be imported by using a 'require' call or by turning on the 'esModuleInterop' flag and using a default import.
TS2602: JSX element implicitly has type 'any' because the global type 'JSX.Element' does not exist.
TS2603: Property '{0}' in type '{1}' is not assignable to type '{2}'.
TS2604: JSX element type '{0}' does not have any construct or call signatures.
TS2606: Property '{0}' of JSX spread attribute is not assignable to target property.
TS2607: JSX element class does not support attributes because it does not have a '{0}' property.
TS2608: The global type 'JSX.{0}' may not have more than one property.
TS2609: JSX spread child must be an array type.
TS2610: '{0}' is defined as an accessor in class '{1}', but is overridden here in '{2}' as an instance property.
TS2611: '{0}' is defined as a property in class '{1}', but is overridden here in '{2}' as an accessor.
TS2612: Property '{0}' will overwrite the base property in '{1}'. If this is intentional, add an initializer. Otherwise, add a 'declare' modifier or remove the redundant declaration.
TS2613: Module '{0}' has no default export. Did you mean to use 'import { {1} } from {0}' instead?
TS2614: Module '{0}' has no exported member '{1}'. Did you mean to use 'import {1} from {0}' instead?
TS2615: Type of property '{0}' circularly references itself in mapped type '{1}'.
TS2616: '{0}' can only be imported by using 'import {1} = require({2})' or a default import.
TS2617: '{0}' can only be imported by using 'import {1} = require({2})' or by turning on the 'esModuleInterop' flag and using a default import.
TS2618: Source has {0} element(s) but target requires {1}.
TS2619: Source has {0} element(s) but target allows only {1}.
TS2620: Target requires {0} element(s) but source may have fewer.
TS2621: Target allows only {0} element(s) but source may have more.
TS2623: Source provides no match for required element at position {0} in target.
TS2624: Source provides no match for variadic element at position {0} in target.
TS2625: Variadic element at position {0} in source does not match element at position {1} in target.
TS2626: Type at position {0} in source is not compatible with type at position {1} in target.
TS2627: Type at positions {0} through {1} in source is not compatible with type at position {2} in target.
TS2628: Cannot assign to '{0}' because it is an enum.
TS2629: Cannot assign to '{0}' because it is a class.
TS2630: Cannot assign to '{0}' because it is a function.
TS2631: Cannot assign to '{0}' because it is a namespace.
TS2632: Cannot assign to '{0}' because it is an import.
TS2633: JSX property access expressions cannot include JSX namespace names
TS2634: '{0}' index signatures are incompatible.
TS2635: Type '{0}' has no signatures for which the type argument list is applicable.
TS2636: Type '{0}' is not assignable to type '{1}' as implied by variance annotation.
TS2637: Variance annotations are only supported in type aliases for object, function, constructor, and mapped types.
TS2649: Cannot augment module '{0}' with value exports because it resolves to a non-module entity.
TS2651: A member initializer in a enum declaration cannot reference members declared after it, including members defined in other enums.
TS2652: Merged declaration '{0}' cannot include a default export declaration. Consider adding a separate 'export default {0}' declaration instead.
TS2653: Non-abstract class expression does not implement inherited abstract member '{0}' from class '{1}'.
TS2657: JSX expressions must have one parent element.
TS2658: Type '{0}' provides no match for the signature '{1}'.
TS2659: 'super' is only allowed in members of object literal expressions when option 'target' is 'ES2015' or higher.
TS2660: 'super' can only be referenced in members of derived classes or object literal expressions.
TS2661: Cannot export '{0}'. Only local declarations can be exported from a module.
TS2662: Cannot find name '{0}'. Did you mean the static member '{1}.{0}'?
TS2663: Cannot find name '{0}'. Did you mean the instance member 'this.{0}'?
TS2664: Invalid module name in augmentation, module '{0}' cannot be found.
TS2665: Invalid module name in augmentation. Module '{0}' resolves to an untyped module at '{1}', which cannot be augmented.
TS2666: Exports and export assignments are not permitted in module augmentations.
TS2667: Imports are not permitted in module augmentations. Consider moving them to the enclosing external module.
TS2668: 'export' modifier cannot be applied to ambient modules and module augmentations since they are always visible.
TS2669: Augmentations for the global scope can only be directly nested in external modules or ambient module declarations.
TS2670: Augmentations for the global scope should have 'declare' modifier unless they appear in already ambient context.
TS2671: Cannot augment module '{0}' because it resolves to a non-module entity.
TS2672: Cannot assign a '{0}' constructor type to a '{1}' constructor type.
TS2673: Constructor of class '{0}' is private and only accessible within the class declaration.
TS2674: Constructor of class '{0}' is protected and only accessible within the class declaration.
TS2675: Cannot extend a class '{0}'. Class constructor is marked as private.
TS2676: Accessors must both be abstract or non-abstract.
TS2677: A type predicate's type must be assignable to its parameter's type.
TS2678: Type '{0}' is not comparable to type '{1}'.
TS2679: A function that is called with the 'new' keyword cannot have a 'this' type that is 'void'.
TS2680: A '{0}' parameter must be the first parameter.
TS2681: A constructor cannot have a 'this' parameter.
TS2683: 'this' implicitly has type 'any' because it does not have a type annotation.
TS2684: The 'this' context of type '{0}' is not assignable to method's 'this' of type '{1}'.
TS2685: The 'this' types of each signature are incompatible.
TS2686: '{0}' refers to a UMD global, but the current file is a module. Consider adding an import instead.
TS2687: All declarations of '{0}' must have identical modifiers.
TS2688: Cannot find type definition file for '{0}'.
TS2689: Cannot extend an interface '{0}'. Did you mean 'implements'?
TS2690: '{0}' only refers to a type, but is being used as a value here. Did you mean to use '{1} in {0}'?
TS2691: An import path cannot end with a '{0}' extension. Consider importing '{1}' instead.
TS2692: '{0}' is a primitive, but '{1}' is a wrapper object. Prefer using '{0}' when possible.
TS2693: '{0}' only refers to a type, but is being used as a value here.
TS2694: Namespace '{0}' has no exported member '{1}'.
TS2695: Left side of comma operator is unused and has no side effects.
TS2696: The 'Object' type is assignable to very few other types. Did you mean to use the 'any' type instead?
TS2697: An async function or method must return a 'Promise'. Make sure you have a declaration for 'Promise' or include 'ES2015' in your '--lib' option.
TS2698: Spread types may only be created from object types.
TS2699: Static property '{0}' conflicts with built-in property 'Function.{0}' of constructor function '{1}'.
TS2700: Rest types may only be created from object types.
TS2701: The target of an object rest assignment must be a variable or a property access.
TS2702: '{0}' only refers to a type, but is being used as a namespace here.
TS2703: The operand of a 'delete' operator must be a property reference.
TS2704: The operand of a 'delete' operator cannot be a read-only property.
TS2705: An async function or method in ES5/ES3 requires the 'Promise' constructor.  Make sure you have a declaration for the 'Promise' constructor or include 'ES2015' in your '--lib' option.
TS2706: Required type parameters may not follow optional type parameters.
TS2707: Generic type '{0}' requires between {1} and {2} type arguments.
TS2708: Cannot use namespace '{0}' as a value.
TS2709: Cannot use namespace '{0}' as a type.
TS2710: '{0}' are specified twice. The attribute named '{0}' will be overwritten.
TS2711: A dynamic import call returns a 'Promise'. Make sure you have a declaration for 'Promise' or include 'ES2015' in your '--lib' option.
TS2712: A dynamic import call in ES5/ES3 requires the 'Promise' constructor.  Make sure you have a declaration for the 'Promise' constructor or include 'ES2015' in your '--lib' option.
TS2713: Cannot access '{0}.{1}' because '{0}' is a type, but not a namespace. Did you mean to retrieve the type of the property '{1}' in '{0}' with '{0}["{1}"]'?
TS2714: The expression of an export assignment must be an identifier or qualified name in an ambient context.
TS2715: Abstract property '{0}' in class '{1}' cannot be accessed in the constructor.
TS2716: Type parameter '{0}' has a circular default.
TS2717: Subsequent property declarations must have the same type.  Property '{0}' must be of type '{1}', but here has type '{2}'.
TS2718: Duplicate property '{0}'.
TS2719: Type '{0}' is not assignable to type '{1}'. Two different types with this name exist, but they are unrelated.
TS2720: Class '{0}' incorrectly implements class '{1}'. Did you mean to extend '{1}' and inherit its members as a subclass?
TS2721: Cannot invoke an object which is possibly 'null'.
TS2722: Cannot invoke an object which is possibly 'undefined'.
TS2723: Cannot invoke an object which is possibly 'null' or 'undefined'.
TS2724: '{0}' has no exported member named '{1}'. Did you mean '{2}'?
TS2725: Class name cannot be 'Object' when targeting ES5 with module {0}.
TS2726: Cannot find lib definition for '{0}'.
TS2727: Cannot find lib definition for '{0}'. Did you mean '{1}'?
TS2728: '{0}' is declared here.
TS2729: Property '{0}' is used before its initialization.
TS2730: An arrow function cannot have a 'this' parameter.
TS2731: Implicit conversion of a 'symbol' to a 'string' will fail at runtime. Consider wrapping this expression in 'String(...)'.
TS2732: Cannot find module '{0}'. Consider using '--resolveJsonModule' to import module with '.json' extension.
TS2733: Property '{0}' was also declared here.
TS2734: Are you missing a semicolon?
TS2735: Did you mean for '{0}' to be constrained to type 'new (...args: any[]) => {1}'?
TS2736: Operator '{0}' cannot be applied to type '{1}'.
TS2737: BigInt literals are not available when targeting lower than ES2020.
TS2738: An outer value of 'this' is shadowed by this container.
TS2739: Type '{0}' is missing the following properties from type '{1}': {2}
TS2740: Type '{0}' is missing the following properties from type '{1}': {2}, and {3} more.
TS2741: Property '{0}' is missing in type '{1}' but required in type '{2}'.
TS2742: The inferred type of '{0}' cannot be named without a reference to '{1}'. This is likely not portable. A type annotation is necessary.
TS2743: No overload expects {0} type arguments, but overloads do exist that expect either {1} or {2} type arguments.
TS2744: Type parameter defaults can only reference previously declared type parameters.
TS2745: This JSX tag's '{0}' prop expects type '{1}' which requires multiple children, but only a single child was provided.
TS2746: This JSX tag's '{0}' prop expects a single child of type '{1}', but multiple children were provided.
TS2747: '{0}' components don't accept text as child elements. Text in JSX has the type 'string', but the expected type of '{1}' is '{2}'.
TS2748: Cannot access ambient const enums when the '--isolatedModules' flag is provided.
TS2749: '{0}' refers to a value, but is being used as a type here. Did you mean 'typeof {0}'?
TS2750: The implementation signature is declared here.
TS2751: Circularity originates in type at this location.
TS2752: The first export default is here.
TS2753: Another export default is here.
TS2754: 'super' may not use type arguments.
TS2755: No constituent of type '{0}' is callable.
TS2756: Not all constituents of type '{0}' are callable.
TS2757: Type '{0}' has no call signatures.
TS2758: Each member of the union type '{0}' has signatures, but none of those signatures are compatible with each other.
TS2759: No constituent of type '{0}' is constructable.
TS2760: Not all constituents of type '{0}' are constructable.
TS2761: Type '{0}' has no construct signatures.
TS2762: Each member of the union type '{0}' has construct signatures, but none of those signatures are compatible with each other.
TS2763: Cannot iterate value because the 'next' method of its iterator expects type '{1}', but for-of will always send '{0}'.
TS2764: Cannot iterate value because the 'next' method of its iterator expects type '{1}', but array spread will always send '{0}'.
TS2765: Cannot iterate value because the 'next' method of its iterator expects type '{1}', but array destructuring will always send '{0}'.
TS2766: Cannot delegate iteration to value because the 'next' method of its iterator expects type '{1}', but the containing generator will always send '{0}'.
TS2767: The '{0}' property of an iterator must be a method.
TS2768: The '{0}' property of an async iterator must be a method.
TS2769: No overload matches this call.
TS2770: The last overload gave the following error.
TS2771: The last overload is declared here.
TS2772: Overload {0} of {1}, '{2}', gave the following error.
TS2773: Did you forget to use 'await'?
TS2774: This condition will always return true since this function is always defined. Did you mean to call it instead?
TS2775: Assertions require every name in the call target to be declared with an explicit type annotation.
TS2776: Assertions require the call target to be an identifier or qualified name.
TS2777: The operand of an increment or decrement operator may not be an optional property access.
TS2778: The target of an object rest assignment may not be an optional property access.
TS2779: The left-hand side of an assignment expression may not be an optional property access.
TS2780: The left-hand side of a 'for...in' statement may not be an optional property access.
TS2781: The left-hand side of a 'for...of' statement may not be an optional property access.
TS2782: '{0}' needs an explicit type annotation.
TS2783: '{0}' is specified more than once, so this usage will be overwritten.
TS2784: 'get' and 'set' accessors cannot declare 'this' parameters.
TS2785: This spread always overwrites this property.
TS2786: '{0}' cannot be used as a JSX component.
TS2787: Its return type '{0}' is not a valid JSX element.
TS2788: Its instance type '{0}' is not a valid JSX element.
TS2789: Its element type '{0}' is not a valid JSX element.
TS2790: The operand of a 'delete' operator must be optional.
TS2791: Exponentiation cannot be performed on 'bigint' values unless the 'target' option is set to 'es2016' or later.
TS2792: Cannot find module '{0}'. Did you mean to set the 'moduleResolution' option to 'node', or to add aliases to the 'paths' option?
TS2793: The call would have succeeded against this implementation, but implementation signatures of overloads are not externally visible.
TS2794: Expected {0} arguments, but got {1}. Did you forget to include 'void' in your type argument to 'Promise'?
TS2795: The 'intrinsic' keyword can only be used to declare compiler provided intrinsic types.
TS2796: It is likely that you are missing a comma to separate these two template expressions. They form a tagged template expression which cannot be invoked.
TS2797: A mixin class that extends from a type variable containing an abstract construct signature must also be declared 'abstract'.
TS2798: The declaration was marked as deprecated here.
TS2799: Type produces a tuple type that is too large to represent.
TS2800: Expression produces a tuple type that is too large to represent.
TS2801: This condition will always return true since this '{0}' is always defined.
TS2802: Type '{0}' can only be iterated through when using the '--downlevelIteration' flag or with a '--target' of 'es2015' or higher.
TS2803: Cannot assign to private method '{0}'. Private methods are not writable.
TS2804: Duplicate identifier '{0}'. Static and instance elements cannot share the same private name.
TS2806: Private accessor was defined without a getter.
TS2807: This syntax requires an imported helper named '{1}' with {2} parameters, which is not compatible with the one in '{0}'. Consider upgrading your version of '{0}'.
TS2808: A get accessor must be at least as accessible as the setter
TS2809: Declaration or statement expected. This '=' follows a block of statements, so if you intended to write a destructuring assignment, you might need to wrap the the whole assignment in parentheses.
TS2810: Expected 1 argument, but got 0. 'new Promise()' needs a JSDoc hint to produce a 'resolve' that can be called without arguments.
TS2811: Initializer for property '{0}'
TS2812: Property '{0}' does not exist on type '{1}'. Try changing the 'lib' compiler option to include 'dom'.
TS2813: Class declaration cannot implement overload list for '{0}'.
TS2814: Function with bodies can only merge with classes that are ambient.
TS2815: 'arguments' cannot be referenced in property initializers.
TS2816: Cannot use 'this' in a static property initializer of a decorated class.
TS2817: Property '{0}' has no initializer and is not definitely assigned in a class static block.
TS2818: Duplicate identifier '{0}'. Compiler reserves name '{1}' when emitting 'super' references in static initializers.
TS2819: Namespace name cannot be '{0}'.
TS2820: Type '{0}' is not assignable to type '{1}'. Did you mean '{2}'?
TS2821: Import assertions are only supported when the '--module' option is set to 'esnext' or 'nodenext'.
TS2822: Import assertions cannot be used with type-only imports or exports.
TS2833: Cannot find namespace '{0}'. Did you mean '{1}'?
TS2834: Relative import paths need explicit file extensions in EcmaScript imports when '--moduleResolution' is 'node16' or 'nodenext'. Consider adding an extension to the import path.
TS2835: Relative import paths need explicit file extensions in EcmaScript imports when '--moduleResolution' is 'node16' or 'nodenext'. Did you mean '{0}'?
TS2836: Import assertions are not allowed on statements that transpile to commonjs 'require' calls.
TS2837: Import assertion values must be string literal expressions.
TS2838: All declarations of '{0}' must have identical constraints.
TS2841: The type of this expression cannot be named without a 'resolution-mode' assertion, which is an unstable feature. Use nightly TypeScript to silence this error. Try updating with 'npm install -D typescript@next'.
TS4000: Import declaration '{0}' is using private name '{1}'.
TS4002: Type parameter '{0}' of exported class has or is using private name '{1}'.
TS4004: Type parameter '{0}' of exported interface has or is using private name '{1}'.
TS4006: Type parameter '{0}' of constructor signature from exported interface has or is using private name '{1}'.
TS4008: Type parameter '{0}' of call signature from exported interface has or is using private name '{1}'.
TS4010: Type parameter '{0}' of public static method from exported class has or is using private name '{1}'.
TS4012: Type parameter '{0}' of public method from exported class has or is using private name '{1}'.
TS4014: Type parameter '{0}' of method from exported interface has or is using private name '{1}'.
TS4016: Type parameter '{0}' of exported function has or is using private name '{1}'.
TS4019: Implements clause of exported class '{0}' has or is using private name '{1}'.
TS4020: 'extends' clause of exported class '{0}' has or is using private name '{1}'.
TS4021: 'extends' clause of exported class has or is using private name '{0}'.
TS4022: 'extends' clause of exported interface '{0}' has or is using private name '{1}'.
TS4023: Exported variable '{0}' has or is using name '{1}' from external module {2} but cannot be named.
TS4024: Exported variable '{0}' has or is using name '{1}' from private module '{2}'.
TS4025: Exported variable '{0}' has or is using private name '{1}'.
TS4026: Public static property '{0}' of exported class has or is using name '{1}' from external module {2} but cannot be named.
TS4027: Public static property '{0}' of exported class has or is using name '{1}' from private module '{2}'.
TS4028: Public static property '{0}' of exported class has or is using private name '{1}'.
TS4029: Public property '{0}' of exported class has or is using name '{1}' from external module {2} but cannot be named.
TS4030: Public property '{0}' of exported class has or is using name '{1}' from private module '{2}'.
TS4031: Public property '{0}' of exported class has or is using private name '{1}'.
TS4032: Property '{0}' of exported interface has or is using name '{1}' from private module '{2}'.
TS4033: Property '{0}' of exported interface has or is using private name '{1}'.
TS4034: Parameter type of public static setter '{0}' from exported class has or is using name '{1}' from private module '{2}'.
TS4035: Parameter type of public static setter '{0}' from exported class has or is using private name '{1}'.
TS4036: Parameter type of public setter '{0}' from exported class has or is using name '{1}' from private module '{2}'.
TS4037: Parameter type of public setter '{0}' from exported class has or is using private name '{1}'.
TS4038: Return type of public static getter '{0}' from exported class has or is using name '{1}' from external module {2} but cannot be named.
TS4039: Return type of public static getter '{0}' from exported class has or is using name '{1}' from private module '{2}'.
TS4040: Return type of public static getter '{0}' from exported class has or is using private name '{1}'.
TS4041: Return type of public getter '{0}' from exported class has or is using name '{1}' from external module {2} but cannot be named.
TS4042: Return type of public getter '{0}' from exported class has or is using name '{1}' from private module '{2}'.
TS4043: Return type of public getter '{0}' from exported class has or is using private name '{1}'.
TS4044: Return type of constructor signature from exported interface has or is using name '{0}' from private module '{1}'.
TS4045: Return type of constructor signature from exported interface has or is using private name '{0}'.
TS4046: Return type of call signature from exported interface has or is using name '{0}' from private module '{1}'.
TS4047: Return type of call signature from exported interface has or is using private name '{0}'.
TS4048: Return type of index signature from exported interface has or is using name '{0}' from private module '{1}'.
TS4049: Return type of index signature from exported interface has or is using private name '{0}'.
TS4050: Return type of public static method from exported class has or is using name '{0}' from external module {1} but cannot be named.
TS4051: Return type of public static method from exported class has or is using name '{0}' from private module '{1}'.
TS4052: Return type of public static method from exported class has or is using private name '{0}'.
TS4053: Return type of public method from exported class has or is using name '{0}' from external module {1} but cannot be named.
TS4054: Return type of public method from exported class has or is using name '{0}' from private module '{1}'.
TS4055: Return type of public method from exported class has or is using private name '{0}'.
TS4056: Return type of method from exported interface has or is using name '{0}' from private module '{1}'.
TS4057: Return type of method from exported interface has or is using private name '{0}'.
TS4058: Return type of exported function has or is using name '{0}' from external module {1} but cannot be named.
TS4059: Return type of exported function has or is using name '{0}' from private module '{1}'.
TS4060: Return type of exported function has or is using private name '{0}'.
TS4061: Parameter '{0}' of constructor from exported class has or is using name '{1}' from external module {2} but cannot be named.
TS4062: Parameter '{0}' of constructor from exported class has or is using name '{1}' from private module '{2}'.
TS4063: Parameter '{0}' of constructor from exported class has or is using private name '{1}'.
TS4064: Parameter '{0}' of constructor signature from exported interface has or is using name '{1}' from private module '{2}'.
TS4065: Parameter '{0}' of constructor signature from exported interface has or is using private name '{1}'.
TS4066: Parameter '{0}' of call signature from exported interface has or is using name '{1}' from private module '{2}'.
TS4067: Parameter '{0}' of call signature from exported interface has or is using private name '{1}'.
TS4068: Parameter '{0}' of public static method from exported class has or is using name '{1}' from external module {2} but cannot be named.
TS4069: Parameter '{0}' of public static method from exported class has or is using name '{1}' from private module '{2}'.
TS4070: Parameter '{0}' of public static method from exported class has or is using private name '{1}'.
TS4071: Parameter '{0}' of public method from exported class has or is using name '{1}' from external module {2} but cannot be named.
TS4072: Parameter '{0}' of public method from exported class has or is using name '{1}' from private module '{2}'.
TS4073: Parameter '{0}' of public method from exported class has or is using private name '{1}'.
TS4074: Parameter '{0}' of method from exported interface has or is using name '{1}' from private module '{2}'.
TS4075: Parameter '{0}' of method from exported interface has or is using private name '{1}'.
TS4076: Parameter '{0}' of exported function has or is using name '{1}' from external module {2} but cannot be named.
TS4077: Parameter '{0}' of exported function has or is using name '{1}' from private module '{2}'.
TS4078: Parameter '{0}' of exported function has or is using private name '{1}'.
TS4081: Exported type alias '{0}' has or is using private name '{1}'.
TS4082: Default export of the module has or is using private name '{0}'.
TS4083: Type parameter '{0}' of exported type alias has or is using private name '{1}'.
TS4084: Exported type alias '{0}' has or is using private name '{1}' from module {2}.
TS4090: Conflicting definitions for '{0}' found at '{1}' and '{2}'. Consider installing a specific version of this library to resolve the conflict.
TS4091: Parameter '{0}' of index signature from exported interface has or is using name '{1}' from private module '{2}'.
TS4092: Parameter '{0}' of index signature from exported interface has or is using private name '{1}'.
TS4094: Property '{0}' of exported class expression may not be private or protected.
TS4095: Public static method '{0}' of exported class has or is using name '{1}' from external module {2} but cannot be named.
TS4096: Public static method '{0}' of exported class has or is using name '{1}' from private module '{2}'.
TS4097: Public static method '{0}' of exported class has or is using private name '{1}'.
TS4098: Public method '{0}' of exported class has or is using name '{1}' from external module {2} but cannot be named.
TS4099: Public method '{0}' of exported class has or is using name '{1}' from private module '{2}'.
TS4100: Public method '{0}' of exported class has or is using private name '{1}'.
TS4101: Method '{0}' of exported interface has or is using name '{1}' from private module '{2}'.
TS4102: Method '{0}' of exported interface has or is using private name '{1}'.
TS4103: Type parameter '{0}' of exported mapped object type is using private name '{1}'.
TS4104: The type '{0}' is 'readonly' and cannot be assigned to the mutable type '{1}'.
TS4105: Private or protected member '{0}' cannot be accessed on a type parameter.
TS4106: Parameter '{0}' of accessor has or is using private name '{1}'.
TS4107: Parameter '{0}' of accessor has or is using name '{1}' from private module '{2}'.
TS4108: Parameter '{0}' of accessor has or is using name '{1}' from external module '{2}' but cannot be named.
TS4109: Type arguments for '{0}' circularly reference themselves.
TS4110: Tuple type arguments circularly reference themselves.
TS4111: Property '{0}' comes from an index signature, so it must be accessed with ['{0}'].
TS4112: This member cannot have an 'override' modifier because its containing class '{0}' does not extend another class.
TS4113: This member cannot have an 'override' modifier because it is not declared in the base class '{0}'.
TS4114: This member must have an 'override' modifier because it overrides a member in the base class '{0}'.
TS4115: This parameter property must have an 'override' modifier because it overrides a member in base class '{0}'.
TS4116: This member must have an 'override' modifier because it overrides an abstract method that is declared in the base class '{0}'.
TS4117: This member cannot have an 'override' modifier because it is not declared in the base class '{0}'. Did you mean '{1}'?
TS4118: The type of this node cannot be serialized because its property '{0}' cannot be serialized.
TS4119: This member must have a JSDoc comment with an '@override' tag because it overrides a member in the base class '{0}'.
TS4120: This parameter property must have a JSDoc comment with an '@override' tag because it overrides a member in the base class '{0}'.
TS4121: This member cannot have a JSDoc comment with an '@override' tag because its containing class '{0}' does not extend another class.
TS4122: This member cannot have a JSDoc comment with an '@override' tag because it is not declared in the base class '{0}'.
TS4123: This member cannot have a JSDoc comment with an 'override' tag because it is not declared in the base class '{0}'. Did you mean '{1}'?
TS4124: Compiler option '{0}' of value '{1}' is unstable. Use nightly TypeScript to silence this error. Try updating with 'npm install -D typescript@next'.
TS4125: 'resolution-mode' assertions are unstable. Use nightly TypeScript to silence this error. Try updating with 'npm install -D typescript@next'.
TS5001: The current host does not support the '{0}' option.
TS5009: Cannot find the common subdirectory path for the input files.
TS5010: File specification cannot end in a recursive directory wildcard ('**'): '{0}'.
TS5012: Cannot read file '{0}': {1}.
TS5014: Failed to parse file '{0}': {1}.
TS5023: Unknown compiler option '{0}'.
TS5024: Compiler option '{0}' requires a value of type {1}.
TS5025: Unknown compiler option '{0}'. Did you mean '{1}'?
TS5033: Could not write file '{0}': {1}.
TS5042: Option 'project' cannot be mixed with source files on a command line.
TS5047: Option 'isolatedModules' can only be used when either option '--module' is provided or option 'target' is 'ES2015' or higher.
TS5048: Option '{0}' cannot be specified when option 'target' is 'ES3'.
TS5051: Option '{0} can only be used when either option '--inlineSourceMap' or option '--sourceMap' is provided.
TS5052: Option '{0}' cannot be specified without specifying option '{1}'.
TS5053: Option '{0}' cannot be specified with option '{1}'.
TS5054: A 'tsconfig.json' file is already defined at: '{0}'.
TS5055: Cannot write file '{0}' because it would overwrite input file.
TS5056: Cannot write file '{0}' because it would be overwritten by multiple input files.
TS5057: Cannot find a tsconfig.json file at the specified directory: '{0}'.
TS5058: The specified path does not exist: '{0}'.
TS5059: Invalid value for '--reactNamespace'. '{0}' is not a valid identifier.
TS5061: Pattern '{0}' can have at most one '*' character.
TS5062: Substitution '{0}' in pattern '{1}' can have at most one '*' character.
TS5063: Substitutions for pattern '{0}' should be an array.
TS5064: Substitution '{0}' for pattern '{1}' has incorrect type, expected 'string', got '{2}'.
TS5065: File specification cannot contain a parent directory ('..') that appears after a recursive directory wildcard ('**'): '{0}'.
TS5066: Substitutions for pattern '{0}' shouldn't be an empty array.
TS5067: Invalid value for 'jsxFactory'. '{0}' is not a valid identifier or qualified-name.
TS5068: Adding a tsconfig.json file will help organize projects that contain both TypeScript and JavaScript files. Learn more at https://aka.ms/tsconfig.
TS5069: Option '{0}' cannot be specified without specifying option '{1}' or option '{2}'.
TS5070: Option '--resolveJsonModule' cannot be specified without 'node' module resolution strategy.
TS5071: Option '--resolveJsonModule' can only be specified when module code generation is 'commonjs', 'amd', 'es2015' or 'esNext'.
TS5072: Unknown build option '{0}'.
TS5073: Build option '{0}' requires a value of type {1}.
TS5074: Option '--incremental' can only be specified using tsconfig, emitting to single file or when option '--tsBuildInfoFile' is specified.
TS5075: '{0}' is assignable to the constraint of type '{1}', but '{1}' could be instantiated with a different subtype of constraint '{2}'.
TS5076: '{0}' and '{1}' operations cannot be mixed without parentheses.
TS5077: Unknown build option '{0}'. Did you mean '{1}'?
TS5078: Unknown watch option '{0}'.
TS5079: Unknown watch option '{0}'. Did you mean '{1}'?
TS5080: Watch option '{0}' requires a value of type {1}.
TS5081: Cannot find a tsconfig.json file at the current directory: {0}.
TS5082: '{0}' could be instantiated with an arbitrary type which could be unrelated to '{1}'.
TS5083: Cannot read file '{0}'.
TS5084: Tuple members must all have names or all not have names.
TS5085: A tuple member cannot be both optional and rest.
TS5086: A labeled tuple element is declared as optional with a question mark after the name and before the colon, rather than after the type.
TS5087: A labeled tuple element is declared as rest with a '...' before the name, rather than before the type.
TS5088: The inferred type of '{0}' references a type with a cyclic structure which cannot be trivially serialized. A type annotation is necessary.
TS5089: Option '{0}' cannot be specified when option 'jsx' is '{1}'.
TS5090: Non-relative paths are not allowed when 'baseUrl' is not set. Did you forget a leading './'?
TS5091: Option 'preserveConstEnums' cannot be disabled when 'isolatedModules' is enabled.
TS5092: The root value of a '{0}' file must be an object.
TS5093: Compiler option '--{0}' may only be used with '--build'.
TS5094: Compiler option '--{0}' may not be used with '--build'.
TS5095: Option 'preserveValueImports' can only be used when 'module' is set to 'es2015' or later.
TS6000: Generates a sourcemap for each corresponding '.d.ts' file.
TS6001: Concatenate and emit output to single file.
TS6002: Generates corresponding '.d.ts' file.
TS6004: Specify the location where debugger should locate TypeScript files instead of source locations.
TS6005: Watch input files.
TS6006: Redirect output structure to the directory.
TS6007: Do not erase const enum declarations in generated code.
TS6008: Do not emit outputs if any errors were reported.
TS6009: Do not emit comments to output.
TS6010: Do not emit outputs.
TS6011: Allow default imports from modules with no default export. This does not affect code emit, just typechecking.
TS6012: Skip type checking of declaration files.
TS6013: Do not resolve the real path of symlinks.
TS6014: Only emit '.d.ts' declaration files.
TS6015: Specify ECMAScript target version.
TS6016: Specify module code generation.
TS6017: Print this message.
TS6019: Print the compiler's version.
TS6020: Compile the project given the path to its configuration file, or to a folder with a 'tsconfig.json'.
TS6023: Syntax: {0}
TS6024: options
TS6025: file
TS6026: Examples: {0}
TS6027: Options:
TS6029: Version {0}
TS6030: Insert command line options and files from a file.
TS6031: Starting compilation in watch mode...
TS6032: File change detected. Starting incremental compilation...
TS6034: KIND
TS6035: FILE
TS6036: VERSION
TS6037: LOCATION
TS6038: DIRECTORY
TS6039: STRATEGY
TS6040: FILE OR DIRECTORY
TS6041: Errors  Files
TS6043: Generates corresponding '.map' file.
TS6044: Compiler option '{0}' expects an argument.
TS6045: Unterminated quoted string in response file '{0}'.
TS6046: Argument for '{0}' option must be: {1}.
TS6048: Locale must be of the form <language> or <language>-<territory>. For example '{0}' or '{1}'.
TS6050: Unable to open file '{0}'.
TS6051: Corrupted locale file {0}.
TS6052: Raise error on expressions and declarations with an implied 'any' type.
TS6053: File '{0}' not found.
TS6054: File '{0}' has an unsupported extension. The only supported extensions are {1}.
TS6055: Suppress noImplicitAny errors for indexing objects lacking index signatures.
TS6056: Do not emit declarations for code that has an '@internal' annotation.
TS6058: Specify the root directory of input files. Use to control the output directory structure with --outDir.
TS6059: File '{0}' is not under 'rootDir' '{1}'. 'rootDir' is expected to contain all source files.
TS6060: Specify the end of line sequence to be used when emitting files: 'CRLF' (dos) or 'LF' (unix).
TS6061: NEWLINE
TS6064: Option '{0}' can only be specified in 'tsconfig.json' file or set to 'null' on command line.
TS6065: Enables experimental support for ES7 decorators.
TS6066: Enables experimental support for emitting type metadata for decorators.
TS6069: Specify module resolution strategy: 'node' (Node.js) or 'classic' (TypeScript pre-1.6).
TS6070: Initializes a TypeScript project and creates a tsconfig.json file.
TS6071: Successfully created a tsconfig.json file.
TS6072: Suppress excess property checks for object literals.
TS6073: Stylize errors and messages using color and context (experimental).
TS6074: Do not report errors on unused labels.
TS6075: Report error when not all code paths in function return a value.
TS6076: Report errors for fallthrough cases in switch statement.
TS6077: Do not report errors on unreachable code.
TS6078: Disallow inconsistently-cased references to the same file.
TS6079: Specify library files to be included in the compilation.
TS6080: Specify JSX code generation.
TS6081: File '{0}' has an unsupported extension, so skipping it.
TS6082: Only 'amd' and 'system' modules are supported alongside --{0}.
TS6083: Base directory to resolve non-absolute module names.
TS6084: [Deprecated] Use '--jsxFactory' instead. Specify the object invoked for createElement when targeting 'react' JSX emit
TS6085: Enable tracing of the name resolution process.
TS6086: ======== Resolving module '{0}' from '{1}'. ========
TS6087: Explicitly specified module resolution kind: '{0}'.
TS6088: Module resolution kind is not specified, using '{0}'.
TS6089: ======== Module name '{0}' was successfully resolved to '{1}'. ========
TS6090: ======== Module name '{0}' was not resolved. ========
TS6091: 'paths' option is specified, looking for a pattern to match module name '{0}'.
TS6092: Module name '{0}', matched pattern '{1}'.
TS6093: Trying substitution '{0}', candidate module location: '{1}'.
TS6094: Resolving module name '{0}' relative to base url '{1}' - '{2}'.
TS6095: Loading module as file / folder, candidate module location '{0}', target file type '{1}'.
TS6096: File '{0}' does not exist.
TS6097: File '{0}' exist - use it as a name resolution result.
TS6098: Loading module '{0}' from 'node_modules' folder, target file type '{1}'.
TS6099: Found 'package.json' at '{0}'.
TS6100: 'package.json' does not have a '{0}' field.
TS6101: 'package.json' has '{0}' field '{1}' that references '{2}'.
TS6102: Allow javascript files to be compiled.
TS6104: Checking if '{0}' is the longest matching prefix for '{1}' - '{2}'.
TS6105: Expected type of '{0}' field in 'package.json' to be '{1}', got '{2}'.
TS6106: 'baseUrl' option is set to '{0}', using this value to resolve non-relative module name '{1}'.
TS6107: 'rootDirs' option is set, using it to resolve relative module name '{0}'.
TS6108: Longest matching prefix for '{0}' is '{1}'.
TS6109: Loading '{0}' from the root dir '{1}', candidate location '{2}'.
TS6110: Trying other entries in 'rootDirs'.
TS6111: Module resolution using 'rootDirs' has failed.
TS6112: Do not emit 'use strict' directives in module output.
TS6113: Enable strict null checks.
TS6114: Unknown option 'excludes'. Did you mean 'exclude'?
TS6115: Raise error on 'this' expressions with an implied 'any' type.
TS6116: ======== Resolving type reference directive '{0}', containing file '{1}', root directory '{2}'. ========
TS6119: ======== Type reference directive '{0}' was successfully resolved to '{1}', primary: {2}. ========
TS6120: ======== Type reference directive '{0}' was not resolved. ========
TS6121: Resolving with primary search path '{0}'.
TS6122: Root directory cannot be determined, skipping primary search paths.
TS6123: ======== Resolving type reference directive '{0}', containing file '{1}', root directory not set. ========
TS6124: Type declaration files to be included in compilation.
TS6125: Looking up in 'node_modules' folder, initial location '{0}'.
TS6126: Containing file is not specified and root directory cannot be determined, skipping lookup in 'node_modules' folder.
TS6127: ======== Resolving type reference directive '{0}', containing file not set, root directory '{1}'. ========
TS6128: ======== Resolving type reference directive '{0}', containing file not set, root directory not set. ========
TS6130: Resolving real path for '{0}', result '{1}'.
TS6131: Cannot compile modules using option '{0}' unless the '--module' flag is 'amd' or 'system'.
TS6132: File name '{0}' has a '{1}' extension - stripping it.
TS6133: '{0}' is declared but its value is never read.
TS6134: Report errors on unused locals.
TS6135: Report errors on unused parameters.
TS6136: The maximum dependency depth to search under node_modules and load JavaScript files.
TS6137: Cannot import type declaration files. Consider importing '{0}' instead of '{1}'.
TS6138: Property '{0}' is declared but its value is never read.
TS6139: Import emit helpers from 'tslib'.
TS6140: Auto discovery for typings is enabled in project '{0}'. Running extra resolution pass for module '{1}' using cache location '{2}'.
TS6141: Parse in strict mode and emit "use strict" for each source file.
TS6142: Module '{0}' was resolved to '{1}', but '--jsx' is not set.
TS6144: Module '{0}' was resolved as locally declared ambient module in file '{1}'.
TS6145: Module '{0}' was resolved as ambient module declared in '{1}' since this file was not modified.
TS6146: Specify the JSX factory function to use when targeting 'react' JSX emit, e.g. 'React.createElement' or 'h'.
TS6147: Resolution for module '{0}' was found in cache from location '{1}'.
TS6148: Directory '{0}' does not exist, skipping all lookups in it.
TS6149: Show diagnostic information.
TS6150: Show verbose diagnostic information.
TS6151: Emit a single file with source maps instead of having a separate file.
TS6152: Emit the source alongside the sourcemaps within a single file; requires '--inlineSourceMap' or '--sourceMap' to be set.
TS6153: Transpile each file as a separate module (similar to 'ts.transpileModule').
TS6154: Print names of generated files part of the compilation.
TS6155: Print names of files part of the compilation.
TS6156: The locale used when displaying messages to the user (e.g. 'en-us')
TS6157: Do not generate custom helper functions like '__extends' in compiled output.
TS6158: Do not include the default library file (lib.d.ts).
TS6159: Do not add triple-slash references or imported modules to the list of compiled files.
TS6160: [Deprecated] Use '--skipLibCheck' instead. Skip type checking of default library declaration files.
TS6161: List of folders to include type definitions from.
TS6162: Disable size limitations on JavaScript projects.
TS6163: The character set of the input files.
TS6165: Do not truncate error messages.
TS6166: Output directory for generated declaration files.
TS6167: A series of entries which re-map imports to lookup locations relative to the 'baseUrl'.
TS6168: List of root folders whose combined content represents the structure of the project at runtime.
TS6169: Show all compiler options.
TS6170: [Deprecated] Use '--outFile' instead. Concatenate and emit output to single file
TS6171: Command-line Options
TS6179: Provide full support for iterables in 'for-of', spread, and destructuring when targeting 'ES5' or 'ES3'.
TS6180: Enable all strict type-checking options.
TS6182: Scoped package detected, looking in '{0}'
TS6183: Reusing resolution of module '{0}' from '{1}' of old program, it was successfully resolved to '{2}'.
TS6184: Reusing resolution of module '{0}' from '{1}' of old program, it was successfully resolved to '{2}' with Package ID '{3}'.
TS6186: Enable strict checking of function types.
TS6187: Enable strict checking of property initialization in classes.
TS6188: Numeric separators are not allowed here.
TS6189: Multiple consecutive numeric separators are not permitted.
TS6191: Whether to keep outdated console output in watch mode instead of clearing the screen.
TS6192: All imports in import declaration are unused.
TS6193: Found 1 error. Watching for file changes.
TS6194: Found {0} errors. Watching for file changes.
TS6195: Resolve 'keyof' to string valued property names only (no numbers or symbols).
TS6196: '{0}' is declared but never used.
TS6197: Include modules imported with '.json' extension
TS6198: All destructured elements are unused.
TS6199: All variables are unused.
TS6200: Definitions of the following identifiers conflict with those in another file: {0}
TS6201: Conflicts are in this file.
TS6202: Project references may not form a circular graph. Cycle detected: {0}
TS6203: '{0}' was also declared here.
TS6204: and here.
TS6205: All type parameters are unused.
TS6206: 'package.json' has a 'typesVersions' field with version-specific path mappings.
TS6207: 'package.json' does not have a 'typesVersions' entry that matches version '{0}'.
TS6208: 'package.json' has a 'typesVersions' entry '{0}' that matches compiler version '{1}', looking for a pattern to match module name '{2}'.
TS6209: 'package.json' has a 'typesVersions' entry '{0}' that is not a valid semver range.
TS6210: An argument for '{0}' was not provided.
TS6211: An argument matching this binding pattern was not provided.
TS6212: Did you mean to call this expression?
TS6213: Did you mean to use 'new' with this expression?
TS6214: Enable strict 'bind', 'call', and 'apply' methods on functions.
TS6215: Using compiler options of project reference redirect '{0}'.
TS6216: Found 1 error.
TS6217: Found {0} errors.
TS6218: ======== Module name '{0}' was successfully resolved to '{1}' with Package ID '{2}'. ========
TS6219: ======== Type reference directive '{0}' was successfully resolved to '{1}' with Package ID '{2}', primary: {3}. ========
TS6220: 'package.json' had a falsy '{0}' field.
TS6221: Disable use of source files instead of declaration files from referenced projects.
TS6222: Emit class fields with Define instead of Set.
TS6223: Generates a CPU profile.
TS6224: Disable solution searching for this project.
TS6225: Specify strategy for watching file: 'FixedPollingInterval' (default), 'PriorityPollingInterval', 'DynamicPriorityPolling', 'FixedChunkSizePolling', 'UseFsEvents', 'UseFsEventsOnParentDirectory'.
TS6226: Specify strategy for watching directory on platforms that don't support recursive watching natively: 'UseFsEvents' (default), 'FixedPollingInterval', 'DynamicPriorityPolling', 'FixedChunkSizePolling'.
TS6227: Specify strategy for creating a polling watch when it fails to create using file system events: 'FixedInterval' (default), 'PriorityInterval', 'DynamicPriority', 'FixedChunkSize'.
TS6229: Tag '{0}' expects at least '{1}' arguments, but the JSX factory '{2}' provides at most '{3}'.
TS6230: Option '{0}' can only be specified in 'tsconfig.json' file or set to 'false' or 'null' on command line.
TS6231: Could not resolve the path '{0}' with the extensions: {1}.
TS6232: Declaration augments declaration in another file. This cannot be serialized.
TS6233: This is the declaration being augmented. Consider moving the augmenting declaration into the same file.
TS6234: This expression is not callable because it is a 'get' accessor. Did you mean to use it without '()'?
TS6235: Disable loading referenced projects.
TS6236: Arguments for the rest parameter '{0}' were not provided.
TS6237: Generates an event trace and a list of types.
TS6238: Specify the module specifier to be used to import the 'jsx' and 'jsxs' factory functions from. eg, react
TS6239: File '{0}' exists according to earlier cached lookups.
TS6240: File '{0}' does not exist according to earlier cached lookups.
TS6241: Resolution for type reference directive '{0}' was found in cache from location '{1}'.
TS6242: ======== Resolving type reference directive '{0}', containing file '{1}'. ========
TS6243: Interpret optional property types as written, rather than adding 'undefined'.
TS6244: Modules
TS6245: File Management
TS6246: Emit
TS6247: JavaScript Support
TS6248: Type Checking
TS6249: Editor Support
TS6250: Watch and Build Modes
TS6251: Compiler Diagnostics
TS6252: Interop Constraints
TS6253: Backwards Compatibility
TS6254: Language and Environment
TS6255: Projects
TS6256: Output Formatting
TS6257: Completeness
TS6258: '{0}' should be set inside the 'compilerOptions' object of the config json file
TS6259: Found 1 error in {1}
TS6260: Found {0} errors in the same file, starting at: {1}
TS6261: Found {0} errors in {1} files.
TS6270: Directory '{0}' has no containing package.json scope. Imports will not resolve.
TS6271: Import specifier '{0}' does not exist in package.json scope at path '{1}'.
TS6272: Invalid import specifier '{0}' has no possible resolutions.
TS6273: package.json scope '{0}' has no imports defined.
TS6274: package.json scope '{0}' explicitly maps specifier '{1}' to null.
TS6275: package.json scope '{0}' has invalid type for target of specifier '{1}'
TS6276: Export specifier '{0}' does not exist in package.json scope at path '{1}'.
TS6302: Enable project compilation
TS6304: Composite projects may not disable declaration emit.
TS6305: Output file '{0}' has not been built from source file '{1}'.
TS6306: Referenced project '{0}' must have setting "composite": true.
TS6307: File '{0}' is not listed within the file list of project '{1}'. Projects must list all files or use an 'include' pattern.
TS6308: Cannot prepend project '{0}' because it does not have 'outFile' set
TS6309: Output file '{0}' from project '{1}' does not exist
TS6310: Referenced project '{0}' may not disable emit.
TS6350: Project '{0}' is out of date because oldest output '{1}' is older than newest input '{2}'
TS6351: Project '{0}' is up to date because newest input '{1}' is older than oldest output '{2}'
TS6352: Project '{0}' is out of date because output file '{1}' does not exist
TS6353: Project '{0}' is out of date because its dependency '{1}' is out of date
TS6354: Project '{0}' is up to date with .d.ts files from its dependencies
TS6355: Projects in this build: {0}
TS6356: A non-dry build would delete the following files: {0}
TS6357: A non-dry build would build project '{0}'
TS6358: Building project '{0}'...
TS6359: Updating output timestamps of project '{0}'...
TS6361: Project '{0}' is up to date
TS6362: Skipping build of project '{0}' because its dependency '{1}' has errors
TS6363: Project '{0}' can't be built because its dependency '{1}' has errors
TS6364: Build one or more projects and their dependencies, if out of date
TS6365: Delete the outputs of all projects.
TS6367: Show what would be built (or deleted, if specified with '--clean')
TS6369: Option '--build' must be the first command line argument.
TS6370: Options '{0}' and '{1}' cannot be combined.
TS6371: Updating unchanged output timestamps of project '{0}'...
TS6372: Project '{0}' is out of date because output of its dependency '{1}' has changed
TS6373: Updating output of project '{0}'...
TS6374: A non-dry build would update timestamps for output of project '{0}'
TS6375: A non-dry build would update output of project '{0}'
TS6376: Cannot update output of project '{0}' because there was error reading file '{1}'
TS6377: Cannot write file '{0}' because it will overwrite '.tsbuildinfo' file generated by referenced project '{1}'
TS6379: Composite projects may not disable incremental compilation.
TS6380: Specify file to store incremental compilation information
TS6381: Project '{0}' is out of date because output for it was generated with version '{1}' that differs with current version '{2}'
TS6382: Skipping build of project '{0}' because its dependency '{1}' was not built
TS6383: Project '{0}' can't be built because its dependency '{1}' was not built
TS6384: Have recompiles in '--incremental' and '--watch' assume that changes within a file will only affect files directly depending on it.
TS6385: '{0}' is deprecated.
TS6386: Performance timings for '--diagnostics' or '--extendedDiagnostics' are not available in this session. A native implementation of the Web Performance API could not be found.
TS6387: The signature '{0}' of '{1}' is deprecated.
TS6388: Project '{0}' is being forcibly rebuilt
TS6389: Reusing resolution of module '{0}' from '{1}' of old program, it was not resolved.
TS6390: Reusing resolution of type reference directive '{0}' from '{1}' of old program, it was successfully resolved to '{2}'.
TS6391: Reusing resolution of type reference directive '{0}' from '{1}' of old program, it was successfully resolved to '{2}' with Package ID '{3}'.
TS6392: Reusing resolution of type reference directive '{0}' from '{1}' of old program, it was not resolved.
TS6393: Reusing resolution of module '{0}' from '{1}' found in cache from location '{2}', it was successfully resolved to '{3}'.
TS6394: Reusing resolution of module '{0}' from '{1}' found in cache from location '{2}', it was successfully resolved to '{3}' with Package ID '{4}'.
TS6395: Reusing resolution of module '{0}' from '{1}' found in cache from location '{2}', it was not resolved.
TS6396: Reusing resolution of type reference directive '{0}' from '{1}' found in cache from location '{2}', it was successfully resolved to '{3}'.
TS6397: Reusing resolution of type reference directive '{0}' from '{1}' found in cache from location '{2}', it was successfully resolved to '{3}' with Package ID '{4}'.
TS6398: Reusing resolution of type reference directive '{0}' from '{1}' found in cache from location '{2}', it was not resolved.
TS6500: The expected type comes from property '{0}' which is declared here on type '{1}'
TS6501: The expected type comes from this index signature.
TS6502: The expected type comes from the return type of this signature.
TS6503: Print names of files that are part of the compilation and then stop processing.
TS6504: File '{0}' is a JavaScript file. Did you mean to enable the 'allowJs' option?
TS6505: Print names of files and the reason they are part of the compilation.
TS6506: Consider adding a 'declare' modifier to this class.
TS6600: Allow JavaScript files to be a part of your program. Use the 'checkJS' option to get errors from these files.
TS6601: Allow 'import x from y' when a module doesn't have a default export.
TS6602: Allow accessing UMD globals from modules.
TS6603: Disable error reporting for unreachable code.
TS6604: Disable error reporting for unused labels.
TS6605: Ensure 'use strict' is always emitted.
TS6606: Have recompiles in projects that use 'incremental' and 'watch' mode assume that changes within a file will only affect files directly depending on it.
TS6607: Specify the base directory to resolve non-relative module names.
TS6608: No longer supported. In early versions, manually set the text encoding for reading files.
TS6609: Enable error reporting in type-checked JavaScript files.
TS6611: Enable constraints that allow a TypeScript project to be used with project references.
TS6612: Generate .d.ts files from TypeScript and JavaScript files in your project.
TS6613: Specify the output directory for generated declaration files.
TS6614: Create sourcemaps for d.ts files.
TS6615: Output compiler performance information after building.
TS6616: Disables inference for type acquisition by looking at filenames in a project.
TS6617: Reduce the number of projects loaded automatically by TypeScript.
TS6618: Remove the 20mb cap on total source code size for JavaScript files in the TypeScript language server.
TS6619: Opt a project out of multi-project reference checking when editing.
TS6620: Disable preferring source files instead of declaration files when referencing composite projects.
TS6621: Emit more compliant, but verbose and less performant JavaScript for iteration.
TS6622: Emit a UTF-8 Byte Order Mark (BOM) in the beginning of output files.
TS6623: Only output d.ts files and not JavaScript files.
TS6624: Emit design-type metadata for decorated declarations in source files.
TS6625: Disable the type acquisition for JavaScript projects
TS6626: Emit additional JavaScript to ease support for importing CommonJS modules. This enables 'allowSyntheticDefaultImports' for type compatibility.
TS6627: Filters results from the `include` option.
TS6628: Remove a list of directories from the watch process.
TS6629: Remove a list of files from the watch mode's processing.
TS6630: Enable experimental support for TC39 stage 2 draft decorators.
TS6631: Print files read during the compilation including why it was included.
TS6632: Output more detailed compiler performance information after building.
TS6633: Specify one or more path or node module references to base configuration files from which settings are inherited.
TS6634: Specify what approach the watcher should use if the system runs out of native file watchers.
TS6635: Include a list of files. This does not support glob patterns, as opposed to `include`.
TS6636: Build all projects, including those that appear to be up to date.
TS6637: Ensure that casing is correct in imports.
TS6638: Emit a v8 CPU profile of the compiler run for debugging.
TS6639: Allow importing helper functions from tslib once per project, instead of including them per-file.
TS6641: Specify a list of glob patterns that match files to be included in compilation.
TS6642: Save .tsbuildinfo files to allow for incremental compilation of projects.
TS6643: Include sourcemap files inside the emitted JavaScript.
TS6644: Include source code in the sourcemaps inside the emitted JavaScript.
TS6645: Ensure that each file can be safely transpiled without relying on other imports.
TS6646: Specify what JSX code is generated.
TS6647: Specify the JSX factory function used when targeting React JSX emit, e.g. 'React.createElement' or 'h'.
TS6648: Specify the JSX Fragment reference used for fragments when targeting React JSX emit e.g. 'React.Fragment' or 'Fragment'.
TS6649: Specify module specifier used to import the JSX factory functions when using 'jsx: react-jsx*'.
TS6650: Make keyof only return strings instead of string, numbers or symbols. Legacy option.
TS6651: Specify a set of bundled library declaration files that describe the target runtime environment.
TS6652: Print the names of emitted files after a compilation.
TS6653: Print all of the files read during the compilation.
TS6654: Set the language of the messaging from TypeScript. This does not affect emit.
TS6655: Specify the location where debugger should locate map files instead of generated locations.
TS6656: Specify the maximum folder depth used for checking JavaScript files from 'node_modules'. Only applicable with 'allowJs'.
TS6657: Specify what module code is generated.
TS6658: Specify how TypeScript looks up a file from a given module specifier.
TS6659: Set the newline character for emitting files.
TS6660: Disable emitting files from a compilation.
TS6661: Disable generating custom helper functions like '__extends' in compiled output.
TS6662: Disable emitting files if any type checking errors are reported.
TS6663: Disable truncating types in error messages.
TS6664: Enable error reporting for fallthrough cases in switch statements.
TS6665: Enable error reporting for expressions and declarations with an implied 'any' type.
TS6666: Ensure overriding members in derived classes are marked with an override modifier.
TS6667: Enable error reporting for codepaths that do not explicitly return in a function.
TS6668: Enable error reporting when 'this' is given the type 'any'.
TS6669: Disable adding 'use strict' directives in emitted JavaScript files.
TS6670: Disable including any library files, including the default lib.d.ts.
TS6671: Enforces using indexed accessors for keys declared using an indexed type.
TS6672: Disallow 'import's, 'require's or '<reference>'s from expanding the number of files TypeScript should add to a project.
TS6673: Disable strict checking of generic signatures in function types.
TS6674: Add 'undefined' to a type when accessed using an index.
TS6675: Enable error reporting when local variables aren't read.
TS6676: Raise an error when a function parameter isn't read.
TS6677: Deprecated setting. Use 'outFile' instead.
TS6678: Specify an output folder for all emitted files.
TS6679: Specify a file that bundles all outputs into one JavaScript file. If 'declaration' is true, also designates a file that bundles all .d.ts output.
TS6680: Specify a set of entries that re-map imports to additional lookup locations.
TS6681: Specify a list of language service plugins to include.
TS6682: Disable erasing 'const enum' declarations in generated code.
TS6683: Disable resolving symlinks to their realpath. This correlates to the same flag in node.
TS6684: Disable wiping the console in watch mode.
TS6685: Enable color and formatting in TypeScript's output to make compiler errors easier to read.
TS6686: Specify the object invoked for 'createElement'. This only applies when targeting 'react' JSX emit.
TS6687: Specify an array of objects that specify paths for projects. Used in project references.
TS6688: Disable emitting comments.
TS6689: Enable importing .json files.
TS6690: Specify the root folder within your source files.
TS6691: Allow multiple folders to be treated as one when resolving modules.
TS6692: Skip type checking .d.ts files that are included with TypeScript.
TS6693: Skip type checking all .d.ts files.
TS6694: Create source map files for emitted JavaScript files.
TS6695: Specify the root path for debuggers to find the reference source code.
TS6697: Check that the arguments for 'bind', 'call', and 'apply' methods match the original function.
TS6698: When assigning functions, check to ensure parameters and the return values are subtype-compatible.
TS6699: When type checking, take into account 'null' and 'undefined'.
TS6700: Check for class properties that are declared but not set in the constructor.
TS6701: Disable emitting declarations that have '@internal' in their JSDoc comments.
TS6702: Disable reporting of excess property errors during the creation of object literals.
TS6703: Suppress 'noImplicitAny' errors when indexing objects that lack index signatures.
TS6704: Synchronously call callbacks and update the state of directory watchers on platforms that don`t support recursive watching natively.
TS6705: Set the JavaScript language version for emitted JavaScript and include compatible library declarations.
TS6706: Log paths used during the 'moduleResolution' process.
TS6707: Specify the path to .tsbuildinfo incremental compilation file.
TS6709: Specify options for automatic acquisition of declaration files.
TS6710: Specify multiple folders that act like './node_modules/@types'.
TS6711: Specify type package names to be included without being referenced in a source file.
TS6712: Emit ECMAScript-standard-compliant class fields.
TS6713: Enable verbose logging.
TS6714: Specify how directories are watched on systems that lack recursive file-watching functionality.
TS6715: Specify how the TypeScript watch mode works.
TS6717: Require undeclared properties from index signatures to use element accesses.
TS6718: Specify emit/checking behavior for imports that are only used for types.
TS6803: Default catch clause variables as 'unknown' instead of 'any'.
TS6900: one of:
TS6901: one or more:
TS6902: type:
TS6903: default:
TS6904: module === "system" or esModuleInterop
TS6905: `false`, unless `strict` is set
TS6906: `false`, unless `composite` is set
TS6907: `["node_modules", "bower_components", "jspm_packages"]`, plus the value of `outDir` if one is specified.
TS6908: `[]` if `files` is specified, otherwise `["**/*"]`
TS6909: `true` if `composite`, `false` otherwise
TS69010: module === `AMD` or `UMD` or `System` or `ES6`, then `Classic`, Otherwise `Node`
TS6911: Computed from the list of input files
TS6912: Platform specific
TS6913: You can learn about all of the compiler options at {0}
TS6914: Including --watch, -w will start watching the current project for the file changes. Once set, you can config watch mode with:
TS6915: Using --build, -b will make tsc behave more like a build orchestrator than a compiler. This is used to trigger building composite projects which you can learn more about at {0}
TS6916: COMMON COMMANDS
TS6917: ALL COMPILER OPTIONS
TS6918: WATCH OPTIONS
TS6919: BUILD OPTIONS
TS6920: COMMON COMPILER OPTIONS
TS6921: COMMAND LINE FLAGS
TS6922: tsc: The TypeScript Compiler
TS6923: Compiles the current project (tsconfig.json in the working directory.)
TS6924: Ignoring tsconfig.json, compiles the specified files with default compiler options.
TS6925: Build a composite project in the working directory.
TS6926: Creates a tsconfig.json with the recommended settings in the working directory.
TS6927: Compiles the TypeScript project located at the specified path.
TS6928: An expanded version of this information, showing all possible compiler options
TS6929: Compiles the current project, with additional settings.
TS6930: `true` for ES2022 and above, including ESNext.
TS6931: List of file name suffixes to search when resolving a module.
TS7005: Variable '{0}' implicitly has an '{1}' type.
TS7006: Parameter '{0}' implicitly has an '{1}' type.
TS7008: Member '{0}' implicitly has an '{1}' type.
TS7009: 'new' expression, whose target lacks a construct signature, implicitly has an 'any' type.
TS7010: '{0}', which lacks return-type annotation, implicitly has an '{1}' return type.
TS7011: Function expression, which lacks return-type annotation, implicitly has an '{0}' return type.
TS7013: Construct signature, which lacks return-type annotation, implicitly has an 'any' return type.
TS7014: Function type, which lacks return-type annotation, implicitly has an '{0}' return type.
TS7015: Element implicitly has an 'any' type because index expression is not of type 'number'.
TS7016: Could not find a declaration file for module '{0}'. '{1}' implicitly has an 'any' type.
TS7017: Element implicitly has an 'any' type because type '{0}' has no index signature.
TS7018: Object literal's property '{0}' implicitly has an '{1}' type.
TS7019: Rest parameter '{0}' implicitly has an 'any[]' type.
TS7020: Call signature, which lacks return-type annotation, implicitly has an 'any' return type.
TS7022: '{0}' implicitly has type 'any' because it does not have a type annotation and is referenced directly or indirectly in its own initializer.
TS7023: '{0}' implicitly has return type 'any' because it does not have a return type annotation and is referenced directly or indirectly in one of its return expressions.
TS7024: Function implicitly has return type 'any' because it does not have a return type annotation and is referenced directly or indirectly in one of its return expressions.
TS7025: Generator implicitly has yield type '{0}' because it does not yield any values. Consider supplying a return type annotation.
TS7026: JSX element implicitly has type 'any' because no interface 'JSX.{0}' exists.
TS7027: Unreachable code detected.
TS7028: Unused label.
TS7029: Fallthrough case in switch.
TS7030: Not all code paths return a value.
TS7031: Binding element '{0}' implicitly has an '{1}' type.
TS7032: Property '{0}' implicitly has type 'any', because its set accessor lacks a parameter type annotation.
TS7033: Property '{0}' implicitly has type 'any', because its get accessor lacks a return type annotation.
TS7034: Variable '{0}' implicitly has type '{1}' in some locations where its type cannot be determined.
TS7035: Try `npm i --save-dev @types/{1}` if it exists or add a new declaration (.d.ts) file containing `declare module '{0}';`
TS7036: Dynamic import's specifier must be of type 'string', but here has type '{0}'.
TS7037: Enables emit interoperability between CommonJS and ES Modules via creation of namespace objects for all imports. Implies 'allowSyntheticDefaultImports'.
TS7038: Type originates at this import. A namespace-style import cannot be called or constructed, and will cause a failure at runtime. Consider using a default import or import require here instead.
TS7039: Mapped object type implicitly has an 'any' template type.
TS7040: If the '{0}' package actually exposes this module, consider sending a pull request to amend 'https://github.com/DefinitelyTyped/DefinitelyTyped/tree/master/types/{1}'
TS7041: The containing arrow function captures the global value of 'this'.
TS7042: Module '{0}' was resolved to '{1}', but '--resolveJsonModule' is not used.
TS7043: Variable '{0}' implicitly has an '{1}' type, but a better type may be inferred from usage.
TS7044: Parameter '{0}' implicitly has an '{1}' type, but a better type may be inferred from usage.
TS7045: Member '{0}' implicitly has an '{1}' type, but a better type may be inferred from usage.
TS7046: Variable '{0}' implicitly has type '{1}' in some locations, but a better type may be inferred from usage.
TS7047: Rest parameter '{0}' implicitly has an 'any[]' type, but a better type may be inferred from usage.
TS7048: Property '{0}' implicitly has type 'any', but a better type for its get accessor may be inferred from usage.
TS7049: Property '{0}' implicitly has type 'any', but a better type for its set accessor may be inferred from usage.
TS7050: '{0}' implicitly has an '{1}' return type, but a better type may be inferred from usage.
TS7051: Parameter has a name but no type. Did you mean '{0}: {1}'?
TS7052: Element implicitly has an 'any' type because type '{0}' has no index signature. Did you mean to call '{1}'?
TS7053: Element implicitly has an 'any' type because expression of type '{0}' can't be used to index type '{1}'.
TS7054: No index signature with a parameter of type '{0}' was found on type '{1}'.
TS7055: '{0}', which lacks return-type annotation, implicitly has an '{1}' yield type.
TS7056: The inferred type of this node exceeds the maximum length the compiler will serialize. An explicit type annotation is needed.
TS7057: 'yield' expression implicitly results in an 'any' type because its containing generator lacks a return-type annotation.
TS7058: If the '{0}' package actually exposes this module, try adding a new declaration (.d.ts) file containing `declare module '{1}';`
TS7059: This syntax is reserved in files with the .mts or .cts extension. Use an `as` expression instead.
TS7060: This syntax is reserved in files with the .mts or .cts extension. Add a trailing comma or explicit constraint.
TS7061: A mapped type may not declare properties or methods.
TS8000: You cannot rename this element.
TS8001: You cannot rename elements that are defined in the standard TypeScript library.
TS8002: 'import ... =' can only be used in TypeScript files.
TS8003: 'export =' can only be used in TypeScript files.
TS8004: Type parameter declarations can only be used in TypeScript files.
TS8005: 'implements' clauses can only be used in TypeScript files.
TS8006: '{0}' declarations can only be used in TypeScript files.
TS8008: Type aliases can only be used in TypeScript files.
TS8009: The '{0}' modifier can only be used in TypeScript files.
TS8010: Type annotations can only be used in TypeScript files.
TS8011: Type arguments can only be used in TypeScript files.
TS8012: Parameter modifiers can only be used in TypeScript files.
TS8013: Non-null assertions can only be used in TypeScript files.
TS8016: Type assertion expressions can only be used in TypeScript files.
TS8017: Octal literal types must use ES2015 syntax. Use the syntax '{0}'.
TS8018: Octal literals are not allowed in enums members initializer. Use the syntax '{0}'.
TS8019: Report errors in .js files.
TS8020: JSDoc types can only be used inside documentation comments.
TS8021: JSDoc '@typedef' tag should either have a type annotation or be followed by '@property' or '@member' tags.
TS8022: JSDoc '@{0}' is not attached to a class.
TS8023: JSDoc '@{0} {1}' does not match the 'extends {2}' clause.
TS8024: JSDoc '@param' tag has name '{0}', but there is no parameter with that name.
TS8025: Class declarations cannot have more than one '@augments' or '@extends' tag.
TS8026: Expected {0} type arguments; provide these with an '@extends' tag.
TS8027: Expected {0}-{1} type arguments; provide these with an '@extends' tag.
TS8028: JSDoc '...' may only appear in the last parameter of a signature.
TS8029: JSDoc '@param' tag has name '{0}', but there is no parameter with that name. It would match 'arguments' if it had an array type.
TS8030: The type of a function declaration must match the function's signature.
TS8031: You cannot rename a module via a global import.
TS8032: Qualified name '{0}' is not allowed without a leading '@param {object} {1}'.
TS8033: A JSDoc '@typedef' comment may not contain multiple '@type' tags.
TS8034: The tag was first specified here.
TS9005: Declaration emit for this file requires using private name '{0}'. An explicit type annotation may unblock declaration emit.
TS9006: Declaration emit for this file requires using private name '{0}' from module '{1}'. An explicit type annotation may unblock declaration emit.
TS17000: JSX attributes must only be assigned a non-empty 'expression'.
TS17001: JSX elements cannot have multiple attributes with the same name.
TS17002: Expected corresponding JSX closing tag for '{0}'.
TS17004: Cannot use JSX unless the '--jsx' flag is provided.
TS17005: A constructor cannot contain a 'super' call when its class extends 'null'.
TS17006: An unary expression with the '{0}' operator is not allowed in the left-hand side of an exponentiation expression. Consider enclosing the expression in parentheses.
TS17007: A type assertion expression is not allowed in the left-hand side of an exponentiation expression. Consider enclosing the expression in parentheses.
TS17008: JSX element '{0}' has no corresponding closing tag.
TS17009: 'super' must be called before accessing 'this' in the constructor of a derived class.
TS17010: Unknown type acquisition option '{0}'.
TS17011: 'super' must be called before accessing a property of 'super' in the constructor of a derived class.
TS17012: '{0}' is not a valid meta-property for keyword '{1}'. Did you mean '{2}'?
TS17013: Meta-property '{0}' is only allowed in the body of a function declaration, function expression, or constructor.
TS17014: JSX fragment has no corresponding closing tag.
TS17015: Expected corresponding closing tag for JSX fragment.
TS17016: The 'jsxFragmentFactory' compiler option must be provided to use JSX fragments with the 'jsxFactory' compiler option.
TS17017: An @jsxFrag pragma is required when using an @jsx pragma with JSX fragments.
TS17018: Unknown type acquisition option '{0}'. Did you mean '{1}'?
TS18000: Circularity detected while resolving configuration: {0}
TS18002: The 'files' list in config file '{0}' is empty.
TS18003: No inputs were found in config file '{0}'. Specified 'include' paths were '{1}' and 'exclude' paths were '{2}'.
TS80001: File is a CommonJS module; it may be converted to an ES module.
TS80002: This constructor function may be converted to a class declaration.
TS80003: Import may be converted to a default import.
TS80004: JSDoc types may be moved to TypeScript types.
TS80005: 'require' call may be converted to an import.
TS80006: This may be converted to an async function.
TS80007: 'await' has no effect on the type of this expression.
TS80008: Numeric literals with absolute values equal to 2^53 or greater are too large to be represented accurately as integers.
TS90001: Add missing 'super()' call
TS90002: Make 'super()' call the first statement in the constructor
TS90003: Change 'extends' to 'implements'
TS90004: Remove unused declaration for: '{0}'
TS90005: Remove import from '{0}'
TS90006: Implement interface '{0}'
TS90007: Implement inherited abstract class
TS90008: Add '{0}.' to unresolved variable
TS90010: Remove variable statement
TS90011: Remove template tag
TS90012: Remove type parameters
TS90013: Import '{0}' from "{1}"
TS90014: Change '{0}' to '{1}'
TS90016: Declare property '{0}'
TS90017: Add index signature for property '{0}'
TS90018: Disable checking for this file
TS90019: Ignore this error message
TS90020: Initialize property '{0}' in the constructor
TS90021: Initialize static property '{0}'
TS90022: Change spelling to '{0}'
TS90023: Declare method '{0}'
TS90024: Declare static method '{0}'
TS90025: Prefix '{0}' with an underscore
TS90026: Rewrite as the indexed access type '{0}'
TS90027: Declare static property '{0}'
TS90028: Call decorator expression
TS90029: Add async modifier to containing function
TS90030: Replace 'infer {0}' with 'unknown'
TS90031: Replace all unused 'infer' with 'unknown'
TS90034: Add parameter name
TS90035: Declare private property '{0}'
TS90036: Replace '{0}' with 'Promise<{1}>'
TS90037: Fix all incorrect return type of an async functions
TS90038: Declare private method '{0}'
TS90039: Remove unused destructuring declaration
TS90041: Remove unused declarations for: '{0}'
TS90053: Declare a private field named '{0}'.
TS90054: Includes imports of types referenced by '{0}'
TS90055: Remove 'type' from import declaration from "{0}"
TS90056: Remove 'type' from import of '{0}' from "{1}"
TS90057: Add import from "{0}"
TS90058: Update import from "{0}"
TS95001: Convert function to an ES2015 class
TS95003: Convert '{0}' to '{1} in {0}'
TS95004: Extract to {0} in {1}
TS95005: Extract function
TS95006: Extract constant
TS95007: Extract to {0} in enclosing scope
TS95008: Extract to {0} in {1} scope
TS95009: Annotate with type from JSDoc
TS95011: Infer type of '{0}' from usage
TS95012: Infer parameter types from usage
TS95013: Convert to default import
TS95014: Install '{0}'
TS95015: Replace import with '{0}'.
TS95016: Use synthetic 'default' member.
TS95017: Convert to ES module
TS95018: Add 'undefined' type to property '{0}'
TS95019: Add initializer to property '{0}'
TS95020: Add definite assignment assertion to property '{0}'
TS95021: Convert all type literals to mapped type
TS95022: Add all missing members
TS95023: Infer all types from usage
TS95024: Delete all unused declarations
TS95025: Prefix all unused declarations with '_' where possible
TS95026: Fix all detected spelling errors
TS95027: Add initializers to all uninitialized properties
TS95028: Add definite assignment assertions to all uninitialized properties
TS95029: Add undefined type to all uninitialized properties
TS95030: Change all jsdoc-style types to TypeScript
TS95031: Change all jsdoc-style types to TypeScript (and add '| undefined' to nullable types)
TS95032: Implement all unimplemented interfaces
TS95033: Install all missing types packages
TS95034: Rewrite all as indexed access types
TS95035: Convert all to default imports
TS95036: Make all 'super()' calls the first statement in their constructor
TS95037: Add qualifier to all unresolved variables matching a member name
TS95038: Change all extended interfaces to 'implements'
TS95039: Add all missing super calls
TS95040: Implement all inherited abstract classes
TS95041: Add all missing 'async' modifiers
TS95042: Add '@ts-ignore' to all error messages
TS95043: Annotate everything with types from JSDoc
TS95044: Add '()' to all uncalled decorators
TS95045: Convert all constructor functions to classes
TS95046: Generate 'get' and 'set' accessors
TS95047: Convert 'require' to 'import'
TS95048: Convert all 'require' to 'import'
TS95049: Move to a new file
TS95050: Remove unreachable code
TS95051: Remove all unreachable code
TS95052: Add missing 'typeof'
TS95053: Remove unused label
TS95054: Remove all unused labels
TS95055: Convert '{0}' to mapped object type
TS95056: Convert namespace import to named imports
TS95057: Convert named imports to namespace import
TS95058: Add or remove braces in an arrow function
TS95059: Add braces to arrow function
TS95060: Remove braces from arrow function
TS95061: Convert default export to named export
TS95062: Convert named export to default export
TS95063: Add missing enum member '{0}'
TS95064: Add all missing imports
TS95065: Convert to async function
TS95066: Convert all to async functions
TS95067: Add missing call parentheses
TS95068: Add all missing call parentheses
TS95069: Add 'unknown' conversion for non-overlapping types
TS95070: Add 'unknown' to all conversions of non-overlapping types
TS95071: Add missing 'new' operator to call
TS95072: Add missing 'new' operator to all calls
TS95073: Add names to all parameters without names
TS95074: Enable the 'experimentalDecorators' option in your configuration file
TS95075: Convert parameters to destructured object
TS95077: Extract type
TS95078: Extract to type alias
TS95079: Extract to typedef
TS95080: Infer 'this' type of '{0}' from usage
TS95081: Add 'const' to unresolved variable
TS95082: Add 'const' to all unresolved variables
TS95083: Add 'await'
TS95084: Add 'await' to initializer for '{0}'
TS95085: Fix all expressions possibly missing 'await'
TS95086: Remove unnecessary 'await'
TS95087: Remove all unnecessary uses of 'await'
TS95088: Enable the '--jsx' flag in your configuration file
TS95089: Add 'await' to initializers
TS95090: Extract to interface
TS95091: Convert to a bigint numeric literal
TS95092: Convert all to bigint numeric literals
TS95093: Convert 'const' to 'let'
TS95094: Prefix with 'declare'
TS95095: Prefix all incorrect property declarations with 'declare'
TS95096: Convert to template string
TS95097: Add 'export {}' to make this file into a module
TS95098: Set the 'target' option in your configuration file to '{0}'
TS95099: Set the 'module' option in your configuration file to '{0}'
TS95100: Convert invalid character to its html entity code
TS95101: Convert all invalid characters to HTML entity code
TS95105: Convert function expression '{0}' to arrow function
TS95106: Convert function declaration '{0}' to arrow function
TS95107: Fix all implicit-'this' errors
TS95108: Wrap invalid character in an expression container
TS95109: Wrap all invalid characters in an expression container
TS95110: Visit https://aka.ms/tsconfig to read more about this file
TS95111: Add a return statement
TS95112: Remove braces from arrow function body
TS95113: Wrap the following body with parentheses which should be an object literal
TS95114: Add all missing return statement
TS95115: Remove braces from all arrow function bodies with relevant issues
TS95116: Wrap all object literal with parentheses
TS95117: Move labeled tuple element modifiers to labels
TS95118: Convert overload list to single signature
TS95119: Generate 'get' and 'set' accessors for all overriding properties
TS95120: Wrap in JSX fragment
TS95121: Wrap all unparented JSX in JSX fragment
TS95122: Convert arrow function or function expression
TS95123: Convert to anonymous function
TS95124: Convert to named function
TS95125: Convert to arrow function
TS95126: Remove parentheses
TS95127: Could not find a containing arrow function
TS95128: Containing function is not an arrow function
TS95129: Could not find export statement
TS95130: This file already has a default export
TS95131: Could not find import clause
TS95132: Could not find namespace import or named imports
TS95133: Selection is not a valid type node
TS95134: No type could be extracted from this type node
TS95135: Could not find property for which to generate accessor
TS95136: Name is not valid
TS95137: Can only convert property with modifier
TS95138: Switch each misused '{0}' to '{1}'
TS95139: Convert to optional chain expression
TS95140: Could not find convertible access expression
TS95141: Could not find matching access expressions
TS95142: Can only convert logical AND access chains
TS95143: Add 'void' to Promise resolved without a value
TS95144: Add 'void' to all Promises resolved without a value
TS95145: Use element access for '{0}'
TS95146: Use element access for all undeclared properties.
TS95147: Delete all unused imports
TS95148: Infer function return type
TS95149: Return type must be inferred from a function
TS95150: Could not determine function return type
TS95151: Could not convert to arrow function
TS95152: Could not convert to named function
TS95153: Could not convert to anonymous function
TS95154: Can only convert string concatenation
TS95155: Selection is not a valid statement or statements
TS95156: Add missing function declaration '{0}'
TS95157: Add all missing function declarations
TS95158: Method not implemented.
TS95159: Function not implemented.
TS95160: Add 'override' modifier
TS95161: Remove 'override' modifier
TS95162: Add all missing 'override' modifiers
TS95163: Remove all unnecessary 'override' modifiers
TS95164: Can only convert named export
TS95165: Add missing properties
TS95166: Add all missing properties
TS95167: Add missing attributes
TS95168: Add all missing attributes
TS95169: Add 'undefined' to optional property type
TS95170: Convert named imports to default import
TS95171: Delete unused '@param' tag '{0}'
TS95172: Delete all unused '@param' tags
TS95173: Rename '@param' tag name '{0}' to '{1}'
TS18004: No value exists in scope for the shorthand property '{0}'. Either declare one or provide an initializer.
TS18006: Classes may not have a field named 'constructor'.
TS18007: JSX expressions may not use the comma operator. Did you mean to write an array?
TS18009: Private identifiers cannot be used as parameters.
TS18010: An accessibility modifier cannot be used with a private identifier.
TS18011: The operand of a 'delete' operator cannot be a private identifier.
TS18012: '#constructor' is a reserved word.
TS18013: Property '{0}' is not accessible outside class '{1}' because it has a private identifier.
TS18014: The property '{0}' cannot be accessed on type '{1}' within this class because it is shadowed by another private identifier with the same spelling.
TS18015: Property '{0}' in type '{1}' refers to a different member that cannot be accessed from within type '{2}'.
TS18016: Private identifiers are not allowed outside class bodies.
TS18017: The shadowing declaration of '{0}' is defined here
TS18018: The declaration of '{0}' that you probably intended to use is defined here
TS18019: '{0}' modifier cannot be used with a private identifier.
TS18024: An enum member cannot be named with a private identifier.
TS18026: '#!' can only be used at the start of a file.
TS18027: Compiler reserves name '{0}' when emitting private identifier downlevel.
TS18028: Private identifiers are only available when targeting ECMAScript 2015 and higher.
TS18029: Private identifiers are not allowed in variable declarations.
TS18030: An optional chain cannot contain private identifiers.
TS18031: The intersection '{0}' was reduced to 'never' because property '{1}' has conflicting types in some constituents.
TS18032: The intersection '{0}' was reduced to 'never' because property '{1}' exists in multiple constituents and is private in some.
TS18033: Only numeric enums can have computed members, but this expression has type '{0}'. If you do not need exhaustiveness checks, consider using an object literal instead.
TS18034: Specify the JSX fragment factory function to use when targeting 'react' JSX emit with 'jsxFactory' compiler option is specified, e.g. 'Fragment'.
TS18035: Invalid value for 'jsxFragmentFactory'. '{0}' is not a valid identifier or qualified-name.
TS18036: Class decorators can't be used with static private identifier. Consider removing the experimental decorator.
TS18037: Await expression cannot be used inside a class static block.
TS18038: 'For await' loops cannot be used inside a class static block.
TS18039: Invalid use of '{0}'. It cannot be used inside a class static block.
TS18041: A 'return' statement cannot be used inside a class static block.